bash: alias: data: не найден
[311u05@311U05 ~]$ 

Глава 1
[311u05@311U05 ~]$ date
Чт янв 30 10:05:30 +07 2025

[311u05@311U05 ~]$ cal
     Январь 2025    
Пн Вт Ср Чт Пт Сб Вс
       1  2  3  4  5
 6  7  8  9 10 11 12
13 14 15 16 17 18 19
20 21 22 23 24 25 26
27 28 29 30 31
  
[311u05@311U05 ~]$ df
Файловая система         1K-блоков Использовано   Доступно Использовано% Cмонтировано в
devtmpfs                      4096            0       4096            0% /dev
tmpfs                      7858256        32884    7825372            1% /dev/shm
tmpfs                      3143304         4012    3139292            1% /run
/dev/nvme0n1p5            48281448     26050812   19745592           57% /
/dev/nvme0n1p2              995224       352732     573760           39% /boot
/dev/nvme0n1p6           188018008    117945536   60498264           67% /home
/dev/nvme0n1p1              610120         8028     602092            2% /boot/efi
/dev/sda1                239254916     31469268  195559396           14% /VSD
tmpfs                      1571648          140    1571508            1% /run/user/1804801176
//OPEX1/WinStation.All   976542716    828002740  148539976           85% /media/share/X
//OPEX1/Owners/311/U05 11699159040   2082657728 9616501312           18% /media/share/Z

[311u05@311U05 ~]$ free
               total        used        free      shared  buff/cache   available
Mem:        15716512     4383800      267640       86048    11492716    11332712
Swap:        7931900        2560     792

exit
Выход из командной строки

[311u05@311U05 ~]$ pwd
/home/311u05@nkti.local

[311u05@311U05 ~]$ cd /usr/bin
[311u05@311U05 bin]$ 

[311u05@311U05 bin]$ pwd/usr/bin
bash: pwd/usr/bin: Not a directory

[311u05@311U05 bin]$ cd /usr
[311u05@311U05 usr]$ 

[311u05@311U05 usr]$ pwd/usr
bash: pwd/usr: No such file or directory

[311u05@311U05 bin]$ ls | less
[
7z
7za
7zr
7zz
a52dec
ac
aclocal

[311u05@311U05 bin]$ file
Usage: file [-bcCdEhikLlNnprsSvzZ0] [--apple] [--extension] [--mime-encoding]
            [--mime-type] [-e <testname>] [-F <separator>]  [-f <namefile>]
            [-m <magicfiles>] [-P <parameter=value>] [--exclude-quiet]
            <file> ...
       file -C [-m <magicfiles>]
       file [--help]

[311u05@311U05 bin]$ ls -lt | less
lrwxrwxrwx. 1 root root          23 дек 23 09:52 jinfo -> /etc/alternatives/jinfo
lrwxrwxrwx. 1 root root          22 дек 23 09:52 jmap -> /etc/alternatives/jmap
lrwxrwxrwx. 1 root root          26 дек 23 09:52 jpackage -> /etc/alternatives/jpackage
lrwxrwxrwx. 1 root root          21 дек 23 09:52 jps -> /etc/alternatives/jps
lrwxrwxrwx. 1 root root          28 дек 23 09:52 jrunscript -> /etc/alternatives/jrunscript
lrwxrwxrwx. 1 root root          24 дек 23 09:52 jshell -> /etc/alternatives/jshell
lrwxrwxrwx. 1 root root          24 дек 23 09:52 jstack -> /etc/alternatives/jstack
lrwxrwxrwx. 1 root root          23 дек 23 09:52 jstat -> /etc/alternatives/jstat

[311u05@311U05 bin]$  ls -lt --reverse | less
rwxr-xr-x. 1 root root        3584 сен  8  2000 detect_ppa
-rwxr-xr-x. 1 root root        6843 ноя  7  2000 test_ppa
-rwxr-xr-x. 1 root root         269 ноя 17  2000 sgmlwhich
-rwxr-xr-x. 1 root root        3858 июн 28  2001 cscope-indexer
-rwxr-xr-x. 1 root root        2953 окт 11  2008 zipgrep
-rwxr-xr-x. 1 root root         363 фев 27  2012 unicode_stop
-rw-r--r--. 1 root root         576 фев 29  2012 redhat_lsb_init
-rwxr-xr-x. 1 root root         435 фев  3  2016 antlr
-rwxr-xr-x. 1 root root       29536 мар 10  2017 fpaste

[311u05@311U05 bin]$ ls --all | less
..
[
7z
7za
7zr
7zz
a52dec
ac
aclocal
aclocal-1.16
aconnect
acountry

[311u05@311U05 bin]$ ls --almost-all | less
[
7z
7za
7zr
7zz
a52dec
ac
aclocal
aclocal-1.16
aconnect
acountry
acyclic
addr2line
adig

ahost
airscan-discover

[311u05@311U05 bin]$ ls --directory
.

[311u05@311U05 bin]$ ls --classify | less
[*
7z@
7za@
7zr@
7zz*
a52dec*
ac*
aclocal*
aclocal-1.16*
aconnect*

[311u05@311U05 bin]$ ls --human-readable | less
[
7z
7za
7zr
7zz
a52dec
ac
aclocal
aclocal-1.16
aconnect
acountry
acyclic
addr2line

[311u05@311U05 bin]$ ls --reverse | less
zvbi-chains
zvbi-atsc-cc
zstdmt
zstdless
zstdgrep
zstdcat
zstd
zsoelim
zoo
znew
zmore
zless

[311u05@311U05 bin]$ ls Examples
ls: невозможно получить доступ к 'Examples': No such file or directory

[311u05@311U05 bin]$ ls -rw-r-r-- 
ls: неверная ширина строки: «-r-r--»

[311u05@311U05 bin]$ ls root
ls: невозможно получить доступ к 'root': No such file or directory
[311u05@311U05 bin]$ cd /root
bash: cd: /root: Permission denied
[311u05@311U05 bin]$ ls /root
ls: невозможно открыть каталог '/root': Permission denied

[311u05@311U05 bin]$ ls 2017-04-03 11:05
ls: невозможно получить доступ к '2017-04-03': No such file or directory
ls: невозможно получить доступ к '11:05': No such file or directory

[311u05@311U05 bin]$ ls oo-cd-cover.odf
ls: невозможно получить доступ к 'oo-cd-cover.odf': No such file or directory

[311u05@311U05 bin]$ file picture.jpg
picture.jpg: cannot open `picture.jpg' (No such file or directory)

[311u05@311U05 bin]$ less /etc/passwd
root:x:0:0:root:/root:/bin/bash
bin:x:1:1:bin:/bin:/sbin/nologin
daemon:x:2:2:daemon:/sbin:/sbin/nologin
adm:x:3:4:adm:/var/adm:/sbin/nologin
lp:x:4:7:lp:/var/spool/lpd:/sbin/nologin
sync:x:5:0:sync:/sbin:/bin/sync
shutdown:x:6:0:shutdown:/sbin:/sbin/shutdown

[311u05@311U05 bin]$ ls /
bin  boot  dev  etc  home  lib  lib64  lost+found  media  misc  mnt  net  opt  proc  root  run  sbin  srv  sys  tmp  usr  var  VSD  wine

[311u05@311U05 bin]$ ls /bin | less
[
7z
7za
7zr
7zz
a52dec
ac
aclocal
aclocal-1.16
aconnect
acountry
acyclic
addr2line

[311u05@311U05 bin]$ ls /boot
config-5.15.131-1.el7.3.x86_64  initramfs-0-rescue-ad497546dee2498aa86fb42aea2cc485.img  symvers-5.15.131-1.el7.3.x86_64.gz  vmlinuz-0-rescue-ad497546dee2498aa86fb42aea2cc485
config-5.15.167-1.el7.3.x86_64  initramfs-5.15.131-1.el7.3.x86_64.img                    symvers-5.15.167-1.el7.3.x86_64.gz  vmlinuz-5.15.131-1.el7.3.x86_64
config-5.15.87-1.el7.3.x86_64   initramfs-5.15.167-1.el7.3.x86_64.img                    symvers-5.15.87-1.el7.3.x86_64.gz   vmlinuz-5.15.167-1.el7.3.x86_64
efi                             initramfs-5.15.87-1.el7.3.x86_64.img                     System.map-5.15.131-1.el7.3.x86_64  vmlinuz-5.15.87-1.el7.3.x86_64
grub                            loader                                                   System.map-5.15.167-1.el7.3.x86_64
grub2                           lost+found                                               System.map-5.15.87-1.el7.3.x86_64

311u05@311U05 ~]$ ls /dev
audio1           kvm           ptya5  ptyc7  ptye9  ptyqb  ptysd  ptyuf  ptyx1  ptyz3       tty13  tty44  ttya9  ttycb  ttyed  ttyqf   ttyS21  ttyt3  ttyv5  ttyx7  ttyz9       vcsa5
autofs           log           ptya6  ptyc8  ptyea  ptyqc  ptyse  ptyv0  ptyx2  ptyz4       tty14  tty45  ttyaa  ttycc  ttyee  ttyr0   ttyS22  ttyt4  ttyv6  ttyx8  ttyza       vcsa6
block            loop-control  ptya7  ptyc9  ptyeb  ptyqd  ptysf  ptyv1  ptyx3  ptyz5       tty15  tty46  ttyab  ttycd  ttyef  ttyr1   ttyS23  ttyt5  ttyv7  ttyx9  ttyzb       vcsu
bsg              lp0           ptya8  ptyca  ptyec  ptyqe  ptyt0  ptyv2  ptyx4  ptyz6       tty16  tty47  ttyac  ttyce  ttyp0  ttyr2   ttyS24  ttyt6  ttyv8  ttyxa  ttyzc       vcsu1
btrfs-control    lp1           ptya9  ptycb  ptyed  ptyqf  ptyt1  ptyv3  ptyx5  ptyz7       tty17  tty48  ttyad  ttycf  ttyp1  ttyr3   ttyS25  ttyt7  ttyv9  ttyxb  ttyzd       vcsu2
bus              lp2           ptyaa  ptycc  ptyee  ptyr0  ptyt2  ptyv4  ptyx6  ptyz8       tty18  tty49  ttyae  ttyd0  ttyp2  ttyr4   ttyS26  ttyt8  ttyva  ttyxc  ttyze       vcsu3
char             lp3           ptyab  ptycd  ptyef  ptyr1  ptyt3  ptyv5  ptyx7  ptyz9       tty19  tty5   ttyaf  ttyd1  ttyp3  ttyr5   ttyS27  ttyt9  ttyvb  ttyxd  ttyzf       vcsu4
console          mapper        ptyac  ptyce  ptyp0  ptyr2  ptyt4  ptyv6  ptyx8  ptyza       tty2   tty50  ttyb0  ttyd2  ttyp4  ttyr6   ttyS28  ttyta  ttyvc  ttyxe  udmabuf     vcsu5
core             mcelog        ptyad  ptycf  ptyp1  ptyr3  ptyt5  ptyv7  ptyx9  ptyzb       tty20  tty51  ttyb1  ttyd3  ttyp5  ttyr7   ttyS29  ttytb  ttyvd  ttyxf  uhid        vcsu6
cpu              mem           ptyae  ptyd0  ptyp2  ptyr4  ptyt6  ptyv8  ptyxa  ptyzc       tty21  tty52  ttyb2  ttyd4  ttyp6  ttyr8   ttys3   ttytc  ttyve  ttyy0  uinput      vfio
cpu_dma_latency  mixer         ptyaf  ptyd1  ptyp3  ptyr5  ptyt7  ptyv9  ptyxb  ptyzd       tty22  tty53  ttyb3  ttyd5  ttyp7  ttyr9   ttyS3   ttytd  ttyvf  ttyy1  urandom     vga_arbiter
cuse             mixer1        ptyb0  ptyd2  ptyp4  ptyr6  ptyt8  ptyva  ptyxc  ptyze       tty23  tty54  ttyb4  ttyd6  ttyp8  ttyra   ttyS30  ttyte  ttyw0  ttyy2  usbmon0     vhci
disk             mqueue        ptyb1  ptyd3  ptyp5  ptyr7  ptyt9  ptyvb  ptyxd  ptyzf       tty24  tty55  ttyb5  ttyd7  ttyp9  ttyrb   ttyS31  ttytf  ttyw1  ttyy3  usbmon1     vhost-net
dma_heap         net           ptyb2  ptyd4  ptyp6  ptyr8  ptyta  ptyvc  ptyxe  random      tty25  tty56  ttyb6  ttyd8  ttypa  ttyrc   ttys4   ttyu0  ttyw2  ttyy4  usbmon2     vhost-vsock
dri              ng0n1         ptyb3  ptyd5  ptyp7  ptyr9  ptytb  ptyvd  ptyxf  rfkill      tty26  tty57  ttyb7  ttyd9  ttypb  ttyrd   ttyS4   ttyu1  ttyw3  ttyy5  usbmon3     watchdog
drm_dp_aux0      null          ptyb4  ptyd6  ptyp8  ptyra  ptytc  ptyve  ptyy0  rtc         tty27  tty58  ttyb8  ttyda  ttypc  ttyre   ttys5   ttyu2  ttyw4  ttyy6  usbmon4     watchdog0
dsp1             nvme0         ptyb5  ptyd7  ptyp9  ptyrb  ptytd  ptyvf  ptyy1  rtc0        tty28  tty59  ttyb9  ttydb  ttypd  ttyrf   ttyS5   ttyu3  ttyw5  ttyy7  usbmon5     zero
fb0              nvme0n1       ptyb6  ptyd8  ptypa  ptyrc  ptyte  ptyw0  ptyy2  sda         tty29  tty6   ttyba  ttydc  ttype  ttys0   ttys6   ttyu4  ttyw6  ttyy8  usbmon6
fd               nvme0n1p1     ptyb7  ptyd9  ptypb  ptyrd  ptytf  ptyw1  ptyy3  sda1        tty3   tty60  ttybb  ttydd  ttypf  ttyS0   ttyS6   ttyu5  ttyw7  ttyy9  vboxdrv
full             nvme0n1p2     ptyb8  ptyda  ptypc  ptyre  ptyu0  ptyw2  ptyy4  sequencer   tty30  tty61  ttybc  ttyde  ttyq0  ttys1   ttys7   ttyu6  ttyw8  ttyya  vboxdrvu
fuse             nvme0n1p3     ptyb9  ptydb  ptypd  ptyrf  ptyu1  ptyw3  ptyy5  sequencer2  tty31  tty62  ttybd  ttydf  ttyq1  ttyS1   ttyS7   ttyu7  ttyw9  ttyyb  vboxnetctl
gpiochip0        nvme0n1p4     ptyba  ptydc  ptype  ptys0  ptyu2  ptyw4  ptyy6  sg0         tty32  tty63  ttybe  ttye0  ttyq2  ttyS10  ttys8   ttyu8  ttywa  ttyyc  vboxusb
gpiochip1        nvme0n1p5     ptybb  ptydd  ptypf  ptys1  ptyu3  ptyw5  ptyy7  shm         tty33  tty7   ttybf  ttye1  ttyq3  ttyS11  ttyS8   ttyu9  ttywb  ttyyd  vcs
gpmctl           nvme0n1p6     ptybc  ptyde  ptyq0  ptys2  ptyu4  ptyw6  ptyy8  snapshot    tty34  tty8   ttyc0  ttye2  ttyq4  ttyS12  ttys9   ttyua  ttywc  ttyye  vcs1
hidraw0          nvram         ptybd  ptydf  ptyq1  ptys3  ptyu5  ptyw7  ptyy9  snd         tty35  tty9   ttyc1  ttye3  ttyq5  ttyS13  ttyS9   ttyub  ttywd  ttyyf  vcs2
hidraw1          port          ptybe  ptye0  ptyq2  ptys4  ptyu6  ptyw8  ptyya  stderr      tty36  ttya0  ttyc2  ttye4  ttyq6  ttyS14  ttysa   ttyuc  ttywe  ttyz0  vcs3
hidraw2          ppp           ptybf  ptye1  ptyq3  ptys5  ptyu7  ptyw9  ptyyb  stdin       tty37  ttya1  ttyc3  ttye5  ttyq7  ttyS15  ttysb   ttyud  ttywf  ttyz1  vcs4
hpet             ptmx          ptyc0  ptye2  ptyq4  ptys6  ptyu8  ptywa  ptyyc  stdout      tty38  ttya2  ttyc4  ttye6  ttyq8  ttyS16  ttysc   ttyue  ttyx0  ttyz2  vcs5
hugepages        pts           ptyc1  ptye3  ptyq5  ptys7  ptyu9  ptywb  ptyyd  tty         tty39  ttya3  ttyc5  ttye7  ttyq9  ttyS17  ttysd   ttyuf  ttyx1  ttyz3  vcs6
hwrng            ptya0         ptyc2  ptye4  ptyq6  ptys8  ptyua  ptywc  ptyye  tty0        tty4   ttya4  ttyc6  ttye8  ttyqa  ttyS18  ttyse   ttyv0  ttyx2  ttyz4  vcsa
initctl          ptya1         ptyc3  ptye5  ptyq7  ptys9  ptyub  ptywd  ptyyf  tty1        tty40  ttya5  ttyc7  ttye9  ttyqb  ttyS19  ttysf   ttyv1  ttyx3  ttyz5  vcsa1
input            ptya2         ptyc4  ptye6  ptyq8  ptysa  ptyuc  ptywe  ptyz0  tty10       tty41  ttya6  ttyc8  ttyea  ttyqc  ttys2   ttyt0   ttyv2  ttyx4  ttyz6  vcsa2
kfd              ptya3         ptyc5  ptye7  ptyq9  ptysb  ptyud  ptywf  ptyz1  tty11       tty42  ttya7  ttyc9  ttyeb  ttyqd  ttyS2   ttyt1   ttyv3  ttyx5  ttyz7  vcsa3
kmsg             ptya4         ptyc6  ptye8  ptyqa  ptysc  ptyue  ptyx0  ptyz2  tty12       tty43  ttya8  ttyca  ttyec  ttyqe  ttyS20  ttyt2   ttyv4  ttyx6  ttyz8  vcsa4

[311u05@311U05 ~]$ ls /etc
adjtime                        crypttab                 gnupg                        krb5.conf.d               nfs.conf           rc4.d              subuid-
aliases                        csh.cshrc                gpm-root.conf                krb5.keytab               nfsmount.conf      rc5.d              subversion
aliases.db                     csh.login                gpm-syn.conf                 lazarus                   nftables           rc6.d              sudo.conf
alsa                           cups                     gpm-twiddler.conf            ld.so.cache               nsswitch.conf      rc.d               sudoers
alternatives                   cupshelpers              GREP_COLORS                  ld.so.conf                nsswitch.conf.bak  rearj.cfg          sudoers.d
anaconda                       dbus-1                   groff                        ld.so.conf.d              ntp                redhat-lsb         sudo-ldap.conf
anacrontab                     dconf                    group                        libaudit.conf             ntp.conf           redhat-release     sysconfig
ant.conf                       default                  group-                       libblockdev               odbc.ini           redos-release      sysctl.conf
ant.d                          depmod.d                 grub2.cfg                    libibverbs.d              odbcinst.ini       request-key.conf   sysctl.d
asound.conf                    dhcp                     grub2-efi.cfg                libnl                     oddjob             request-key.d      systemd
at.deny                        DIR_COLORS               grub.d                       libpaper.d                oddjobd.conf       resolv.conf        system-release
audit                          DIR_COLORS.256color      gshadow                      libreport                 oddjobd.conf.d     rhashrc            system-release-cpe
authselect                     DIR_COLORS.lightbgcolor  gshadow-                     libssh                    openal             rpc                target
autofs.conf                    dnf                      gss                          libuser.conf              openldap           rpm                tcsd.conf
autofs_ldap_auth.conf          dnfdragora               gssproxy                     locale.conf               opt                rpmlint            terminfo
auto.master                    dracut.conf              host.conf                    localtime                 os-release         rsyncd.conf        thunderbird
auto.master.d                  dracut.conf.d            hostname                     login.defs                ostree             rsyslog.conf       timeshift
auto.misc                      eclipse.ini              hosts                        logrotate.conf            pam.d              rsyslog.d          tmpfiles.d
auto.net                       egl                      hosts.23-12-24_16-12-17      logrotate.d               papersize          rwtab.d            tpm2-tss
auto.samba                     enscript.cfg             hotplug                      lsb-release.d             passwd             samba              trusted-key.key
auto.smb                       environment              hp                           lsm                       passwd-            sane.d             ts.conf
avahi                          environment-modules      idmapd.conf                  lvm                       pbm2ppa.conf       sasl2              tuned
bash_completion.d              ethertypes               ImageMagick-6                machine-id                pcp                scl                udev
bashrc                         exports                  init.d                       machine-info              pcp.conf           security           udisks2
beesu.conf                     exports.d                initial-setup                magic                     pinforc            selinux            unbound
bindresvport.blacklist         favicon.png              inittab                      mailcap                   pipewire           sensors3.conf      updatedb.conf
binfmt.d                       fcoe                     inputrc                      mail.rc                   pkcs11             sensors.d          UPower
bluetooth                      filesystems              ipa                          makedumpfile.conf.sample  pkgconfig          services           usb_modeswitch.conf
brlapi.key                     firefox                  iproute2                     man_db.conf               pki                sestatus.conf      vconsole.conf
brltty                         fonts                    ipsec.conf                   mate-settings-daemon      plymouth           setroubleshoot     vdpau_wrapper.cfg
brltty.conf                    foomatic                 ipsec.d                      mc                        pm                 setuptool.d        veyon
centos-release                 fpc.cfg                  ipsec.secrets                mime.types                pnm2ppa.conf       sgml               vimrc
certmonger                     fppkg                    iscsi                        mke2fs.conf               polkit-1           shadow             virc
chkconfig.d                    fppkg.cfg                issue                        modprobe.d                popt.d             shadow-            vmware-tools
chromium                       fprintd.conf             issue.net                    modulefiles               postfix            shells             vulkan
chrony.conf                    freeipmi                 java                         modules-load.d            ppp                skel               wgetrc
chrony.conf.23-12-24_16-12-17  fstab                    jvm                          motd                      prelink.conf.d     smartmontools      wpa_supplicant
chrony.keys                    fuse.conf                jvm-common                   motd.d                    printcap           sos.conf           wvdial.conf
cifs-utils                     gamin                    kde                          mtab                      profile            sound              X11
cron.d                         gconf                    kde4rc                       mtools.conf               profile.d          speech-dispatcher  xattr.conf
cron.daily                     gcrypt                   kderc                        multipath                 protocols          ssh                xdg
cron.deny                      gdbinit                  kdump                        my.cnf                    pulse              ssl                xinetd.d
cron.hourly                    gdbinit.d                kdump.conf                   my.cnf.d                  qemu-ga            sssd               xl2tpd
cron.monthly                   gdm                      kernel                       nanorc                    rc0.d              strongswan         xml
crontab                        geoclue                  kioskmode.ini                netconfig                 rc1.d              subgid             xrdb
cron.weekly                    gimp                     krb5.conf                    NetworkManager            rc2.d              subgid-            yum
crypto-policies                glvnd                    krb5.conf.23-12-24_16:12:15  networks                  rc3.d              subuid             yum.repos.d

[311u05@311U05 ~]$ ls /home
311u05@nkti.local  lost+found  user

[311u05@311U05 ~]$ ls /lib
alsa                                      libformw.so.6.5                   liblockdev.so.1.0.0             libpng16.so.16.37.0               libvorbis.so.0.4.9
audit                                     libfreebl3.chk                    libltdl.so.7                    libpoppler-glib.so.8              libvpx.so.3
bfd-plugins                               libfreebl3.so                     libltdl.so.7.3.1                libpoppler-glib.so.8.21.0         libvpx.so.3.0
binfmt.d                                  libfreeblpriv3.chk                libLTO.so                       libpoppler.so.101                 libvpx.so.3.0.0
blueberry                                 libfreeblpriv3.so                 libLTO.so.12                    libpoppler.so.112                 libvpx.so.6
cpp                                       libfreetype.so.6                  liblz4.so.1                     libpoppler.so.112.0.0             libvpx.so.6.4
cups                                      libfreetype.so.6.19.0             liblz4.so.1.9.4                 libpopt.so.0                      libvpx.so.6.4.0
debug                                     libfribidi.so.0                   liblzma.so.5                    libpopt.so.0.0.0                  libvulkan_intel.so
dracut                                    libfribidi.so.0.4.0               liblzma.so.5.2.2                libproxy                          libvulkan_lvp.so
dri                                       libgailutil.so.18                 libm-2.28.so                    libproxy.so.1                     libvulkan_radeon.so
eclipse                                   libgailutil.so.18.0.1             libmana.so.1                    libproxy.so.1.0.0                 libvulkan.so.1
engines-1.1                               libgbm.so.1                       libmana.so.1.0.46.0             libpsl.so.5                       libvulkan.so.1.3.216
environment.d                             libgbm.so.1.0.0                   libmemusage.so                  libpsl.so.5.3.3                   libwavpack.so.1
fipscheck                                 libgcc_s-11-20230605.so.1         libmenu.so.6                    libpthread-2.28.so                libwavpack.so.1.2.0
firewalld                                 libgcc_s.so.1                     libmenu.so.6.5                  libpthread.so.0                   libwayland-client.so.0
firmware                                  libgcrypt.so.20                   libmenuw.so.6                   libpulse-simple.so.0              libwayland-client.so.0.20.0
fontconfig                                libgcrypt.so.20.2.6               libmenuw.so.6.5                 libpulse-simple.so.0.1.1          libwayland-cursor.so.0
gallium-pipe                              libgdk_pixbuf-2.0.so.0            libmimerS.so.2                  libpulse.so.0                     libwayland-cursor.so.0.20.0
games                                     libgdk_pixbuf-2.0.so.0.4000.0     libmimerS.so.2.0.0              libpulse.so.0.24.0                libwayland-egl.so.1
gcc                                       libgdk-x11-2.0.so.0               libmlx4.so.1                    libraqm.so.0                      libwayland-egl.so.1.20.0
gconv                                     libgdk-x11-2.0.so.0.2400.32       libmlx4.so.1.0.46.0             libraqm.so.0.700.0                libwayland-server.so.0
gdk-pixbuf-2.0                            libgd.so.3                        libmlx5.so.1                    libraw1394.so.11                  libwayland-server.so.0.20.0
gio                                       libgd.so.3.0.9                    libmlx5.so.1.24.46.0            libraw1394.so.11.1.0              libwebpdecoder.so.3
girepository-1.0                          libgio-2.0.so.0                   libmodman.so.1                  libreadline.so.7                  libwebpdecoder.so.3.1.8
grub                                      libgio-2.0.so.0.6503.0            libmodman.so.1.0.0              libreadline.so.7.0                libwebpdemux.so.2
gstreamer-1.0                             libglapi.so.0                     libmount.so.1                   libreadline.so.8                  libwebpdemux.so.2.0.14
gtk-2.0                                   libglapi.so.0.0.0                 libmount.so.1.1.0               libreadline.so.8.0                libwebpmux.so.3
i386-linux-gnu                            libGLdispatch.so.0                libmp3lame.so.0                 libRemarks.so                     libwebpmux.so.3.0.13
java                                      libGLdispatch.so.0.0.0            libmp3lame.so.0.0.0             libRemarks.so.12                  libwebp.so.7
jvm                                       libGLESv1_CM.so.1                 libmpg123.so.0                  libresolv-2.28.so                 libwebp.so.7.1.8
jvm-common                                libGLESv1_CM.so.1.2.0             libmpg123.so.0.48.3             libresolv.so.2                    libX11.so.6
jvm-exports                               libGLESv2.so.2                    libm.so.6                       librom1394.so.0                   libX11.so.6.3.0
jvm-private                               libGLESv2.so.2.1.0                libncurses.so.6                 librom1394.so.0.3.0               libX11-xcb.so.1
kbd                                       libglib-2.0.so.0                  libncurses.so.6.5               librt-2.28.so                     libX11-xcb.so.1.0.0
kconf_update_bin                          libglib-2.0.so.0.6503.0           libncursesw.so.6                librt.so.1                        libXau.so.6
kde3                                      libGL.so.1                        libncursesw.so.6.5              libsane.so.1                      libXau.so.6.0.0
kde4                                      libGL.so.1.7.0                    libnetsnmp.so.40                libsane.so.1.2.1                  libxcb-composite.so.0
kdump                                     libGLX_mesa.so.0                  libnetsnmp.so.40.2.1            libsapdbS.so.2                    libxcb-composite.so.0.0.0
kernel                                    libGLX_mesa.so.0.0.0              libnettle.so.6                  libsapdbS.so.2.0.0                libxcb-damage.so.0
krb5                                      libGLX.so.0                       libnettle.so.6.5                libsasl2.so.3                     libxcb-damage.so.0.0.0
ld-2.28.so                                libGLX.so.0.0.0                   libnettle.so.7                  libsasl2.so.3.0.0                 libxcb-dpms.so.0
ld-linux.so.2                             libGLX_system.so.0                libnettle.so.7.0                libSDL-1.2.so.0                   libxcb-dpms.so.0.0.0
libanl-2.28.so                            libgmodule-2.0.so.0               libnghttp2.so.14                libSDL-1.2.so.0.11.4              libxcb-dri2.so.0
libanl.so.1                               libgmodule-2.0.so.0.6503.0        libnghttp2.so.14.24.1           libSDL2-2.0.so.0                  libxcb-dri2.so.0.0.0
libasound.so.2                            libgmp.so.10                      libnl-3.so.200                  libSDL2-2.0.so.0.12.0             libxcb-dri3.so.0
libasound.so.2.0.0                        libgmp.so.10.4.1                  libnl-3.so.200.26.0             libSegFault.so                    libxcb-dri3.so.0.1.0
libasyncns.so.0                           libgnutls.so.30                   libnl-genl-3.so.200             libselinux.so.1                   libxcb-glx.so.0
libasyncns.so.0.3.1                       libgnutls.so.30.28.2              libnl-genl-3.so.200.26.0        libsepol.so.1                     libxcb-glx.so.0.0.0
libatk-1.0.so.0                           libgobject-2.0.so.0               libnl-idiag-3.so.200            libsharpyuv.so.0                  libxcb-present.so.0
libatk-1.0.so.0.23609.1                   libgobject-2.0.so.0.6503.0        libnl-idiag-3.so.200.26.0       libsharpyuv.so.0.0.1              libxcb-present.so.0.0.0
libatopology.so.2                         libgomp.so.1                      libnl-nf-3.so.200               libshout.so.3                     libxcb-randr.so.0
libatopology.so.2.0.0                     libgomp.so.1.0.0                  libnl-nf-3.so.200.26.0          libshout.so.3.2.0                 libxcb-randr.so.0.1.0
libavahi-client.so.3                      libgpg-error.so.0                 libnl-route-3.so.200            libslapi-2.4.so.2                 libxcb-record.so.0
libavahi-client.so.3.2.9                  libgpg-error.so.0.28.0            libnl-route-3.so.200.26.0       libslapi-2.4.so.2.11.3            libxcb-record.so.0.0.0
libavahi-common.so.3                      libgphoto2                        libnl-xfrm-3.so.200             libsmime3.so                      libxcb-render.so.0
libavahi-common.so.3.5.4                  libgphoto2_port                   libnl-xfrm-3.so.200.26.0        libsndfile.so.1                   libxcb-render.so.0.0.0
libavahi-libevent.so.1                    libgphoto2_port.so.12             libnn.so.2                      libsndfile.so.1.0.28              libxcb-res.so.0
libavahi-libevent.so.1.0.0                libgphoto2_port.so.12.0.0         libnn.so.2.0.0                  libsoftokn3.chk                   libxcb-res.so.0.0.0
libavc1394.so.0                           libgphoto2.so.6                   libnsl-2.28.so                  libsoftokn3.so                    libxcb-screensaver.so.0
libavc1394.so.0.3.0                       libgphoto2.so.6.1.0               libnsl.so.1                     libsoup-2.4.so.1                  libxcb-screensaver.so.0.0.0
libblkid.so.1                             libgraphite2.so.3                 libnspr4.so                     libsoup-2.4.so.1.10.0             libxcb-shape.so.0
libblkid.so.1.1.0                         libgraphite2.so.3.2.1             libnss3.so                      libsoup-gnome-2.4.so.1            libxcb-shape.so.0.0.0
libBrokenLocale-2.28.so                   libgsm.so.1                       libnss_compat-2.28.so           libsoup-gnome-2.4.so.1.10.0       libxcb-shm.so.0
libBrokenLocale.so.1                      libgsm.so.1.0.19                  libnss_compat.so.2              libspeex.so.1                     libxcb-shm.so.0.0.0
libbrotlicommon.so.1                      libgssapi_krb5.so.2               libnssdbm3.chk                  libspeex.so.1.5.1                 libxcb.so.1
libbrotlicommon.so.1.0.7                  libgssapi_krb5.so.2.2             libnssdbm3.so                   libsqlite3.so.0                   libxcb.so.1.1.0
libbrotlidec.so.1                         libgssrpc.so.4                    libnss_dns-2.28.so              libsqlite3.so.0.8.6               libxcb-sync.so.1
libbrotlidec.so.1.0.7                     libgssrpc.so.4.2                  libnss_dns.so.2                 libssh.so.4                       libxcb-sync.so.1.0.0
libbrotlienc.so.1                         libgstallocators-1.0.so.0         libnss_files-2.28.so            libssh.so.4.8.9                   libxcb-xf86dri.so.0
libbrotlienc.so.1.0.7                     libgstallocators-1.0.so.0.1603.0  libnss_files.so.2               libssh_threads.so.4               libxcb-xf86dri.so.0.0.0
libbz2.so.1                               libgstapp-1.0.so.0                libnss_mdns4_minimal.so.2       libssh_threads.so.4.8.9           libxcb-xfixes.so.0
libbz2.so.1.0.8                           libgstapp-1.0.so.0.1603.0         libnss_mdns4.so.2               libssl3.so                        libxcb-xfixes.so.0.0.0
libc-2.28.so                              libgstaudio-1.0.so.0              libnss_mdns6_minimal.so.2       libssl.so.1.1                     libxcb-xinerama.so.0
libcairo-gobject.so.2                     libgstaudio-1.0.so.0.1603.0       libnss_mdns6.so.2               libssl.so.1.1.1w                  libxcb-xinerama.so.0.0.0
libcairo-gobject.so.2.11704.0             libgstbase-1.0.so.0               libnss_mdns_minimal.so.2        libstdc++.so.6                    libxcb-xinput.so.0
libcairo-script-interpreter.so.2          libgstbase-1.0.so.0.1603.0        libnss_mdns.so.2                libstdc++.so.6.0.29               libxcb-xinput.so.0.1.0
libcairo-script-interpreter.so.2.11704.0  libgstcheck-1.0.so.0              libnss_myhostname.so.2          libsyn123.so                      libxcb-xkb.so.1
libcairo.so.2                             libgstcheck-1.0.so.0.1603.0       libnss_resolve.so.2             libsyn123.so.0                    libxcb-xkb.so.1.0.0
libcairo.so.2.11704.0                     libgstcontroller-1.0.so.0         libnss_systemd.so.2             libsyn123.so.0.2.3                libxcb-xselinux.so.0
libcap.so.2                               libgstcontroller-1.0.so.0.1603.0  libnssutil3.so                  libsystemd.so.0                   libxcb-xselinux.so.0.0.0
libcap.so.2.26                            libgstfft-1.0.so.0                libodbccr.so.2                  libsystemd.so.0.32.0              libxcb-xtest.so.0
libcdda_interface.so.0                    libgstfft-1.0.so.0.1603.0         libodbccr.so.2.0.0              libtag_c.so.0                     libxcb-xtest.so.0.0.0
libcdda_interface.so.0.10.2               libgstgl-1.0.so.0                 libodbcdrvcfg1S.so.2            libtag_c.so.0.0.0                 libxcb-xvmc.so.0
libcdda_paranoia.so.0                     libgstgl-1.0.so.0.1603.0          libodbcdrvcfg1S.so.2.0.0        libtag.so.1                       libxcb-xvmc.so.0.0.0
libcdda_paranoia.so.0.10.2                libgstnet-1.0.so.0                libodbcdrvcfg2S.so.2            libtag.so.1.17.0                  libxcb-xv.so.0
libcom_err.so.2                           libgstnet-1.0.so.0.1603.0         libodbcdrvcfg2S.so.2.0.0        libtasn1.so.6                     libxcb-xv.so.0.0.0
libcom_err.so.2.1                         libgstpbutils-1.0.so.0            libodbcinst.so                  libtasn1.so.6.6.0                 libXcomposite.so.1
libcrypto.so.1.1                          libgstpbutils-1.0.so.0.1603.0     libodbcinst.so.2                libtdsS.so                        libXcomposite.so.1.0.0
libcrypto.so.1.1.1w                       libgstreamer-1.0.so.0             libodbcinst.so.2.0.0            libtdsS.so.2                      libXcursor.so.1
libcrypt.so.2                             libgstreamer-1.0.so.0.1603.0      libodbcminiS.so.2               libtdsS.so.2.0.0                  libXcursor.so.1.0.2
libcrypt.so.2.0.0                         libgstriff-1.0.so.0               libodbcminiS.so.2.0.0           libtemplate.so.2                  libXdamage.so.1
libc.so.6                                 libgstriff-1.0.so.0.1603.0        libodbcmyS.so                   libtemplate.so.2.0.0              libXdamage.so.1.1.0
libcupsimage.so.2                         libgstrtp-1.0.so.0                libodbcmyS.so.2                 libthai.so.0                      libXdmcp.so.6
libcups.so.2                              libgstrtp-1.0.so.0.1603.0         libodbcmyS.so.2.0.0             libthai.so.0.3.1                  libXdmcp.so.6.0.0
libcurl.so.4                              libgstrtsp-1.0.so.0               libodbcnnS.so.2                 libtheoradec.so.1                 libXext.so.6
libcurl.so.4.8.0                          libgstrtsp-1.0.so.0.1603.0        libodbcnnS.so.2.0.0             libtheoradec.so.1.1.4             libXext.so.6.4.0
libdatrie.so.1                            libgstsdp-1.0.so.0                libodbcpsqlS.so                 libtheoraenc.so.1                 libXfixes.so.3
libdatrie.so.1.3.2                        libgstsdp-1.0.so.0.1603.0         libodbcpsqlS.so.2               libtheoraenc.so.1.1.2             libXfixes.so.3.1.0
libdb-5.3.so                              libgsttag-1.0.so.0                libodbcpsqlS.so.2.0.0           libtheora.so.0                    libXft.so.2
libdb-5.so                                libgsttag-1.0.so.0.1603.0         libodbc.so                      libtheora.so.0.3.10               libXft.so.2.3.3
libdbus-1.so.3                            libgstvideo-1.0.so.0              libodbc.so.2                    libthread_db-1.0.so               libXinerama.so.1
libdbus-1.so.3.19.17                      libgstvideo-1.0.so.0.1603.0       libodbc.so.2.0.0                libthread_db.so.1                 libXinerama.so.1.0.0
libdl-2.28.so                             libgthread-2.0.so.0               libodbctxtS.so.2                libtic.so.6                       libXi.so.6
libdl.so.2                                libgthread-2.0.so.0.6503.0        libodbctxtS.so.2.0.0            libtic.so.6.5                     libXi.so.6.1.0
libdrm_amdgpu.so.1                        libgtk-x11-2.0.so.0               libogg.so.0                     libtiff.so.5                      libxml2.so.2
libdrm_amdgpu.so.1.0.0                    libgtk-x11-2.0.so.0.2400.32       libogg.so.0.8.4                 libtiff.so.5.8.0                  libxml2.so.2.9.8
libdrm_intel.so.1                         libharfbuzz-cairo.so.0            libopenal.so.1                  libtiff.so.6                      libXpm.so.4
libdrm_intel.so.1.0.0                     libharfbuzz-cairo.so.0.60730.0    libopenal.so.1.19.1             libtiff.so.6.0.1                  libXpm.so.4.11.0
libdrm_nouveau.so.2                       libharfbuzz-gobject.so.0          libOpenCL.so.1                  libtiffxx.so.5                    libXrandr.so.2
libdrm_nouveau.so.2.0.0                   libharfbuzz-gobject.so.0.60730.0  libOpenCL.so.1.0.0              libtiffxx.so.5.8.0                libXrandr.so.2.2.0
libdrm_radeon.so.1                        libharfbuzz.so.0                  libopenjp2.so.2.4.0             libtiffxx.so.6                    libXrender.so.1
libdrm_radeon.so.1.0.1                    libharfbuzz.so.0.60730.0          libopenjp2.so.7                 libtiffxx.so.6.0.1                libXrender.so.1.3.0
libdrm.so.2                               libharfbuzz-subset.so.0           liboplodbcS.so.2                libtinfo.so.6                     libxshmfence.so.1
libdrm.so.2.4.0                           libharfbuzz-subset.so.0.60730.0   liboplodbcS.so.2.0.0            libtinfo.so.6.5                   libxshmfence.so.1.0.0
libdv.so.4                                libhistory.so.7                   libopus.so.0                    libtwolame.so.0                   libXv.so.1
libdv.so.4.0.3                            libhistory.so.7.0                 libopus.so.0.6.1                libtwolame.so.0.0.0               libXv.so.1.0.0
libedit.so.0                              libhistory.so.8                   liboraodbcS.so.2                libudev.so.1                      libXxf86vm.so.1
libedit.so.0.0.63                         libhistory.so.8.0                 liboraodbcS.so.2.0.0            libudev.so.1.7.2                  libXxf86vm.so.1.0.0
libefa.so.1                               libhogweed.so.4                   liborc-0.4.so.0                 libunistring.so.2                 libz.so.1
libefa.so.1.2.46.0                        libhogweed.so.4.5                 liborc-0.4.so.0.39.0            libunistring.so.2.1.0             libz.so.1.2.11
libEGL_mesa.so.0                          libhogweed.so.5                   liborc-test-0.4.so.0            libunwind-coredump.so.0           libzstd.so.1
libEGL_mesa.so.0.0.0                      libhogweed.so.5.0                 liborc-test-0.4.so.0.39.0       libunwind-coredump.so.0.0.0       libzstd.so.1.5.5
libEGL.so.1                               libibverbs                        libOSMesa.so.8                  libunwind.so.8                    LLVMgold.so
libEGL.so.1.1.0                           libibverbs.so.1                   libOSMesa.so.8.0.0              libunwind.so.8.0.1                locale
libelf-0.185.so                           libibverbs.so.1.14.46.0           libout123.so                    libunwind-x86.so.8                lsb
libelf.so.1                               libidn2.so.0                      libout123.so.0                  libunwind-x86.so.8.0.1            mdadm
libesoobS.so.2                            libidn2.so.0.3.6                  libout123.so.0.5.1              libusb-1.0.so.0                   modprobe.d
libesoobS.so.2.0.0                        libiec61883.so.0                  libp11-kit.so.0                 libusb-1.0.so.0.3.0               modules
libevent-2.0.so.5                         libiec61883.so.0.1.1              libp11-kit.so.0.3.0             libutil-2.28.so                   modules-load.d
libevent-2.0.so.5.1.9                     libieee1284.so.3                  libp11.so.3                     libutil.so.1                      motd
libevent-2.1.so.6                         libieee1284.so.3.2.2              libp11.so.3.4.3                 libuuid.so.1                      motd.d
libevent-2.1.so.6.0.2                     libimagequant.so.0                libpanel.so.6                   libuuid.so.1.3.0                  mozilla
libevent_core-2.0.so.5                    libjasper.so.4                    libpanel.so.6.5                 libv4l                            NetworkManager
libevent_core-2.0.so.5.1.9                libjasper.so.4.0.0                libpanelw.so.6                  libv4l1.so.0                      nss
libevent_core-2.1.so.6                    libjbig85.so.2.1                  libpanelw.so.6.5                libv4l1.so.0.0.0                  ostree
libevent_core-2.1.so.6.0.2                libjbig.so.2.1                    libpango-1.0.so.0               libv4l2rds.so.0                   p11-kit-proxy.so
libevent_extra-2.0.so.5                   libjpeg.so.62                     libpango-1.0.so.0.5000.14       libv4l2rds.so.0.0.0               pam.d
libevent_extra-2.0.so.5.1.9               libjpeg.so.62.3.0                 libpangocairo-1.0.so.0          libv4l2.so.0                      polkit-1
libevent_extra-2.1.so.6                   libk5crypto.so.3                  libpangocairo-1.0.so.0.5000.14  libv4l2.so.0.0.0                  pulseaudio
libevent_extra-2.1.so.6.0.2               libk5crypto.so.3.1                libpangoft2-1.0.so.0            libv4lconvert.so.0                python2.7
libevent_openssl-2.1.so.6                 libkdb5.so.10                     libpangoft2-1.0.so.0.5000.14    libv4lconvert.so.0.0.0            python3.8
libevent_openssl-2.1.so.6.0.2             libkdb5.so.10.0                   libpangoxft-1.0.so.0            libva-drm.so.2                    qt5
libevent_pthreads-2.0.so.5                libkeyutils.so.1                  libpangoxft-1.0.so.0.5000.14    libva-drm.so.2.1500.0             realmd
libevent_pthreads-2.0.so.5.1.9            libkeyutils.so.1.8                libpcap.so.1                    libva-glx.so.2                    rpm
libevent_pthreads-2.1.so.6                libkrad.so.0                      libpcap.so.1.10.1               libva-glx.so.2.1500.0             sane
libevent_pthreads-2.1.so.6.0.2            libkrad.so.0.0                    libpciaccess.so.0               libva.so.2                        sasl2
libexif.so.12                             libkrb5.so.3                      libpciaccess.so.0.11.1          libva.so.2.1500.0                 security
libexif.so.12.3.4                         libkrb5.so.3.3                    libpcprofile.so                 libva-wayland.so.2                sendmail
libexpat.so.1                             libkrb5support.so.0               libpcre2-8.so.0                 libva-wayland.so.2.1500.0         sendmail.postfix
libexpat.so.1.10.0                        libkrb5support.so.0.1             libpcre2-8.so.0.13.0            libva-x11.so.2                    sse2
libffi.so.6                               liblber-2.4.so.2                  libpcre2-posix.so.3             libva-x11.so.2.1500.0             sysctl.d
libffi.so.6.0.2                           liblber-2.4.so.2.11.3             libpcre2-posix.so.3.0.5         libverto.so.1                     sysimage
libFLAC++.so.6                            liblcms2.so.2                     libpcreposix.so.0               libverto.so.1.0.0                 systemd
libFLAC++.so.6.3.0                        liblcms2.so.2.0.15                libpcreposix.so.0.0.7           libvisual-0.4.so.0                sysusers.d
libFLAC.so.8                              libldap-2.4.so.2                  libpcre.so.1                    libvisual-0.4.so.0.0.0            tmpfiles.d
libFLAC.so.8.3.0                          libldap-2.4.so.2.11.3             libpcre.so.1.2.12               libVkLayer_MESA_device_select.so  tuned
libfontconfig.so.1                        libldap_r-2.4.so.2                libpixman-1.so.0                libvorbisenc.so.2                 udev
libfontconfig.so.1.12.0                   libldap_r-2.4.so.2.11.3           libpixman-1.so.0.40.0           libvorbisenc.so.2.0.12            vdpau
libform.so.6                              libLLVM-12.0.1.so                 libplc4.so                      libvorbisfile.so.3                wine
libform.so.6.5                            libLLVM-12.so                     libplds4.so                     libvorbisfile.so.3.3.8            x86_64-linux-gnu
libformw.so.6                             liblockdev.so.1                   libpng16.so.16                  libvorbis.so.0

[311u05@311U05 ~]$ ls /lost+found
ls: невозможно открыть каталог '/lost+found': Permission denied

[311u05@311U05 ~]$ ls /media
share

[311u05@311U05 ~]$ ls /opt
sublime_text  yandex

[311u05@311U05 ~]$ ls /proc
1     1123  15    175   2056  2316  247   29    3457  39    437  452   4847  518   532   5464  609   65   79   939  987         dynamic_debug  latency_stats  softirqs
10    1129  151   176   2057  2332  2474  2901  3458  397   438  453   4848  519   5320  55    6096  655  8    940  992         execdomains    loadavg        stat
1015  1130  152   177   2072  2348  2481  2991  3460  399   439  4535  4891  520   5322  5522  61    66   80   942  994         fb             locks          swaps
1017  1134  153   1780  2081  235   2486  3     3462  4     44   454   49    521   533   56    6132  660  81   946  acpi        filesystems    mdstat         sys
1021  12    155   18    2086  2352  25    30    3468  40    440  455   4931  522   5335  5621  6174  661  82   947  asound      fs             meminfo        sysrq-trigger
1022  13    156   187   2088  2355  2502  301   3469  4016  441  456   4951  5225  534   5652  6198  670  83   948  bootconfig  interrupts     misc           sysvipc
1030  1398  157   19    21    2356  2522  305   3471  4062  442  4581  4977  523   535   5690  6199  676  888  950  buddyinfo   iomem          modules        thread-self
1051  14    158   2     2178  2359  2538  3067  3496  41    443  4587  5     524   5353  58    63    68   889  951  bus         ioports        mounts         timer_list
1052  1400  159   20    2181  2370  2558  308   35    4134  444  46    50    525   536   5813  6336  686  894  952  cgroups     irq            mtrr           tty
1053  1412  16    2024  2186  2376  2576  3082  3501  4145  445  465   5004  526   5362  5863  6347  69   895  953  cmdline     kallsyms       net            uptime
106   1416  160   2033  2254  2384  2595  3083  3526  4244  446  466   5016  527   537   59    6354  70   898  959  consoles    kcore          pagetypeinfo   version
1065  1420  162   2036  2283  24    26    31    3542  4245  447  4663  51    528   5391  5978  6355  71   899  968  cpuinfo     keys           partitions     vmallocinfo
1066  1421  163   2043  2289  2403  2621  310   3592  4246  448  467   510   529   54    5979  6357  73   908  973  crypto      key-users      pressure       vmstat
11    1423  166   2045  2290  2410  2681  312   36    4247  449  4679  5129  53    5403  6     64    74   909  975  devices     kmsg           schedstat      zoneinfo
1110  1443  1679  2048  2297  2428  2788  33    3663  4248  45   4708  514   530   5408  60    6406  75   911  978  diskstats   kpagecgroup    scsi
1119  1451  171   2051  23    2432  28    34    3676  4251  450  4752  516   531   544   6005  6407  76   937  979  dma         kpagecount     self
1121  1463  174   2053  2310  2447  2842  3450  38    43    451  48    517   5313  545   6028  6413  78   938  980  driver      kpageflags     slabinfo

[311u05@311U05 ~]$ ls /sbin
accessdb               dump-utmp                              install-info                 lvs                                         posttls-finger             start-statd
accton                 e2freefrag                             installkernel                lvscan                                      poweroff                   strfile
adcli                  e2fsck                                 ip                           makedumpfile                                pppd                       strongswan
addgnupghome           e2image                                ip6tables                    matchpathcon                                pppdump                    sulogin
addpart                e2label                                ip6tables-apply              mate-display-properties-install-systemwide  pppoe-discovery            swanctl
adduser                e2mmpstatus                            ip6tables-nft                mate-power-backlight-helper                 pppstats                   swaplabel
agetty                 e2undo                                 ip6tables-nft-restore        mate-system-log                             ppp-watch                  swapoff
alsactl                e4crypt                                ip6tables-nft-save           mdadm                                       pptp                       swapon
alsa-info.sh           e4defrag                               ip6tables-restore            mdmon                                       pptpsetup                  switch_root
alternatives           eapol_test                             ip6tables-restore-translate  mii-diag                                    pvchange                   sysctl
anaconda               ebtables                               ip6tables-save               mii-tool                                    pvck                       t1libconfig
anacron                ebtables-nft                           ip6tables-translate          mkdict                                      pvcreate                   tc
applygnupgdefaults     ebtables-nft-restore                   ipa-certupdate               mkdosfs                                     pvdisplay                  tcpd
arp                    ebtables-nft-save                      ipa-client-automount         mkdumprd                                    pvmove                     tcpdmatch
arpd                   ebtables-restore                       ipa-client-install           mke2fs                                      pvremove                   tcpdump
arping                 ebtables-save                          ipa-getkeytab                mkfs                                        pvresize                   tcpslice
arptables              ebtables-translate                     ipa-join                     mkfs.btrfs                                  pvs                        tcsd
arptables-nft          edquota                                ipa-rmkeytab                 mkfs.cramfs                                 pvscan                     telinit
arptables-nft-restore  efibootmgr                             ipmaddr                      mkfs.ext2                                   pwck                       thin_check
arptables-nft-save     era_check                              ipmi-chassis                 mkfs.ext3                                   pwconv                     thin_delta
arptables-restore      era_dump                               ipmi-chassis-config          mkfs.ext4                                   pwhistory_helper           thin_dump
arptables-save         era_invalidate                         ipmi-config                  mkfs.fat                                    pwmconfig                  thin_ls
atd                    era_restore                            ipmi-console                 mkfs.minix                                  pwunconv                   thin_metadata_size
atopacctd              ether-wake                             ipmiconsole                  mkfs.msdos                                  quotacheck                 thin_repair
atopgpud               ethtool                                ipmi-dcmi                    mkfs.ntfs                                   quotaoff                   thin_restore
atrun                  eventlogadm                            ipmi-detect                  mkfs.vfat                                   quotaon                    thin_rmap
auditctl               exportfs                               ipmidetect                   mkfs.xfs                                    quotastats                 thin_trim
auditd                 faillock                               ipmi-fru                     mkhomedir_helper                            raid-check                 tickadj
augenrules             fancontrol                             ipmi-locate                  mk_isdnhwdb                                 rdisc                      tipc
aureport               fatlabel                               ipmimonitoring               mklost+found                                rdma                       tracepath
ausearch               fcnsq                                  ipmi-oem                     mkntfs                                      readprofile                tracepath6
authconfig             fcoeadm                                ipmi-pef-config              mksquashfs                                  realm                      try-from
automount              fcoemon                                ipmi-pet                     mkswap                                      reboot                     tsig-keygen
autrace                fcping                                 ipmi-ping                    ModemManager                                redhat_lsb_trigger.x86_64  tune2fs
avahi-daemon           fcrls                                  ipmiping                     modinfo                                     repquota                   tuned
avcstat                fdformat                               ipmi-power                   modprobe                                    request-key                tuned-adm
badblocks              fdisk                                  ipmipower                    mount.cifs                                  resize2fs                  udevadm
beesu                  filefrag                               ipmi-raw                     mount.fuse                                  resizepart                 umount.nfs
biosdecode             findfs                                 ipmi-sel                     mount.fuse3                                 restorecon                 umount.nfs4
biosdevname            fipvlan                                ipmi-sensors                 mount.glusterfs                             restorecon_xattr           umount.udisks2
blkdeactivate          fixfiles                               ipmi-sensors-config          mount.lowntfs-3g                            rfkill                     unbound-anchor
blkdiscard             fix-info-dir                           iprconfig                    mount.nfs                                   rmcp-ping                  unix_chkpwd
blkid                  fixparts                               iprdbg                       mount.nfs4                                  rmcpping                   unix_update
blkmapd                foomatic-addpjloptions                 iprdump                      mount.ntfs                                  rmmod                      unsquashfs
blkzone                foomatic-cleanupdrivers                iprinit                      mount.ntfs-3g                               rngd                       unstr
blockdev               foomatic-extract-text                  iprsos                       mount.ntfs-fuse                             route                      update-alternatives
bmc-config             foomatic-fix-xml                       iprupdate                    mount.smb3                                  rpcbind                    update-pciids
bmc-device             foomatic-getpjloptions                 ipsec                        mountstats                                  rpcdebug                   update-smart-drivedb
bmc-info               foomatic-kitload                       iptables                     mount.vboxsf                                rpc.gssd                   usb_modeswitch
brctl                  foomatic-nonumericalids                iptables-apply               mpathconf                                   rpc.idmapd                 usb_modeswitch_dispatcher
bridge                 foomatic-preferred-driver              iptables-nft                 mpathpersist                                rpcinfo                    usbmuxd
btrfs                  foomatic-printermap-to-gutenprint-xml  iptables-nft-restore         mtr                                         rpc.mountd                 useradd
btrfsck                foomatic-replaceoldprinterids          iptables-nft-save            mtr-packet                                  rpc.nfsd                   userdel
btrfs-convert          fsadm                                  iptables-restore             multipath                                   rpc.statd                  userhelper
btrfs-find-root        fsck                                   iptables-restore-translate   multipathd                                  rsyslogd                   usermod
btrfs-image            fsck.btrfs                             iptables-save                named-checkzone                             rtacct                     VBoxService
btrfs-map-logical      fsck.cramfs                            iptables-translate           named-compilezone                           rtcwake                    vdpa
btrfs-select-super     fsck.ext2                              iptunnel                     nameif                                      rtkitctl                   vdptool
btrfstune              fsck.ext3                              irqbalance                   netscsid                                    rtmon                      vgcfgbackup
build-locale-archive   fsck.ext4                              isadump                      NetworkManager                              rtstat                     vgcfgrestore
cache_check            fsck.fat                               isaset                       new-kernel-pkg                              runlevel                   vgchange
cache_dump             fsck.minix                             iscsiadm                     newusers                                    runuser                    vgck
cache_metadata_size    fsck.msdos                             iscsid                       nfbpf_compile                               sa                         vgconvert
cache_repair           fsck.ntfs                              iscsi-iname                  nfnl_osf                                    safe_finger                vgcreate
cache_restore          fsck.vfat                              iscsistart                   nfsconf                                     samba                      vgdisplay
cache_writeback        fsck.xfs                               iscsiuio                     nfsconvert                                  samba_dnsupdate            vgexport
capsh                  fsfreeze                               iw                           nfsdcld                                     samba_downgrade_db         vgextend
certmonger             fstrim                                 kadmind                      nfsdclddb                                   samba-gpupdate             vgimport
cfdisk                 fuser                                  kadmin.local                 nfsdclnts                                   samba_kcc                  vgimportclone
cgdcbxd                fxload                                 kdb5_util                    nfsdcltrack                                 samba_spnupdate            vgimportdevices
cgdisk                 g13-syshelp                            kexec                        nfsidmap                                    samba_upgradedns           vgmerge
charon-cmd             gdisk                                  key.dns_resolver             nfsiostat                                   sasldblistusers2           vgmknodes
charon-systemd         gdm                                    kpartx                       nfsref                                      saslpasswd2                vgreduce
chat                   genhomedircon                          kpatch                       nfsstat                                     sedispatch                 vgremove
chcpu                  genhostid                              kprop                        nft                                         sefcontext_compile         vgrename
check_hd               genl                                   kpropd                       nmbd                                        selabel_digest             vgs
chgpasswd              getcap                                 kproplog                     nologin                                     selabel_lookup             vgscan
chkconfig              getenforce                             krb5kdc                      nstat                                       selabel_lookup_best_match  vgsplit
chpasswd               getpcaps                               lchage                       ntfsclone                                   selabel_partial_match      via_regs_dump
chronyd                getsebool                              ldattach                     ntfscp                                      selinux_check_access       vigr
chroot                 getsysinfo                             ldconfig                     ntfslabel                                   selinuxconlist             vipw
cifs.idmap             glibc_post_upgrade.i686                ledctl                       ntfsresize                                  selinuxdefcon              virt-what
cifs.upcall            glibc_post_upgrade.x86_64              ledmon                       ntfsundelete                                selinuxenabled             visudo
clock                  glusterfs                              lgroupadd                    ntpd                                        selinuxexeccon             vmcore-dmesg
consoletype            glusterfsd                             lgroupdel                    ntpdate                                     semanage                   vpddecode
convert_hd             gpartedbin                             lgroupmod                    ntpdc                                       semodule                   weak-modules
convertquota           gpm                                    lid                          ntp-keygen                                  sendmail                   winbindd
cracklib-check         groupadd                               lldpad                       ntpq                                        sendmail.postfix           wipefs
cracklib-format        groupdel                               lldptool                     ntptime                                     sensors-detect             wpa_cli
cracklib-packer        groupmems                              lnewusers                    ntsysv                                      service                    wpa_passphrase
cracklib-unpacker      groupmod                               lnstat                       oddjobd                                     sestatus                   wpa_supplicant
create-cracklib-dict   grpck                                  load_policy                  ownership                                   setcap                     xfs_admin
crond                  grpconv                                lockdev                      packer                                      setenforce                 xfs_bmap
cryptsetup             grpunconv                              logrotate                    pam_console_apply                           setfiles                   xfs_copy
ctrlaltdel             grub2-bios-setup                       logsave                      pam_namespace_helper                        setpci                     xfs_db
ctstat                 grub2-get-kernel-settings              lokkit                       pam_timestamp_check                         setquota                   xfsdump
cupsaccept             grub2-install                          losetup                      paperconfig                                 setregdomain               xfs_estimate
cups-browsed           grub2-macbless                         lpadmin                      parted                                      setroubleshootd            xfs_freeze
cupsctl                grub2-mkconfig                         lpasswd                      partprobe                                   setsebool                  xfs_fsr
cupsd                  grub2-probe                            lpc                          partx                                       setup                      xfs_growfs
cupsdisable            grub2-reboot                           lpc.cups                     pdata_tools                                 sfdisk                     xfs_info
cupsenable             grub2-set-bootflag                     lpinfo                       pef-config                                  sgdisk                     xfsinvutil
cupsfilter             grub2-set-default                      lpmove                       pidof                                       sgpio                      xfs_io
cups-genppd.5.3        grub2-set-password                     lsmod                        ping                                        showmount                  xfs_logprint
cups-genppdupdate      grub2-setpassword                      lspci                        ping6                                       shutdown                   xfs_mdrestore
cupsreject             grub2-switch-to-blscfg                 luseradd                     pivot_root                                  skdump                     xfs_metadump
dcb                    grubby                                 luserdel                     plipconfig                                  sktest                     xfs_mkfile
dcbtool                gssproxy                               lusermod                     plymouthd                                   slattach                   xfs_ncheck
ddns-confgen           halt                                   lvchange                     plymouth-set-default-theme                  smartctl                   xfs_quota
debugfs                handle-sshpw                           lvconvert                    pm-hibernate                                smartd                     xfs_repair
delpart                hddtemp                                lvcreate                     pm-powersave                                smbd                       xfsrestore
depmod                 hdparm                                 lvdisplay                    pm-suspend                                  sm-notify                  xfs_rtcp
devlink                hwclock                                lvextend                     pm-suspend-hybrid                           smtp-sink                  xfs_spaceman
dm_dso_reg_tool        hwinfo                                 lvm                          pm-utils-bugreport-info.sh                  smtp-source                xl2tpd
dmeventd               hypervfcopyd                           lvmconfig                    postalias                                   sosreport                  xl2tpd-control
dmevent_tool           hypervkvpd                             lvmdevices                   postcat                                     spice-vdagentd             xqmstats
dmfilemapd             hypervvssd                             lvmdiskscan                  postconf                                    ss                         xtables-monitor
dmidecode              iconvconfig                            lvmdump                      postdrop                                    sserver                    xtables-nft-multi
dmraid                 ifconfig                               lvm_import_vdo               postfix                                     sshd                       zdump
dmraid.static          ifdown                                 lvmpolld                     postkick                                    sss_cache                  zic
dmsetup                ifenslave                              lvmsadc                      postlock                                    sssctl                     zramctl
dmstats                ifstat                                 lvmsar                       postlog                                     sssd                       zvbid
dosfsck                ifup                                   lvreduce                     postmap                                     sss_debuglevel
dosfslabel             iio-sensor-proxy                       lvremove                     postmulti                                   sss_obfuscate
dump-acct              init                                   lvrename                     postqueue                                   sss_override
dumpe2fs               insmod                                 lvresize                     postsuper                                   sss_seed

[311u05@311U05 ~]$ ls /tmp
google.sig.bN0X4j                                                               tmpa735rh_c
google.sig.cgt002                                                               tmpacfr7ms0.png
google.sig.ilrIV8                                                               tmpbusx6y1v.png
google.sig.MgIyT1                                                               tmpc8uwnabl
google.sig.oBpVT5                                                               tmperz6kzcr
google.sig.QnF2pX                                                               tmpintd_p8s
google.sig.Xn9cVK                                                               tmpjlz9s7fw
google.sig.ZEzVlm                                                               tmpl4vzgya1.png
krb5cc_1804801176                                                               tmpmd9264f7.png
ssh-XXXXXXAYgWYM                                                                tmps5vdlke3
systemd-private-4ddf26857945446fbc3f22fd1ea10063-chronyd.service-XoklOK         tmpstp8zgwh.png
systemd-private-4ddf26857945446fbc3f22fd1ea10063-colord.service-uKMDhq          tmpu5j8ttso.png
systemd-private-4ddf26857945446fbc3f22fd1ea10063-dbus-broker.service-uXGzR9     tmpv66fm1ku.png
systemd-private-4ddf26857945446fbc3f22fd1ea10063-ModemManager.service-4V7gtM    tmpwsp74yjj
systemd-private-4ddf26857945446fbc3f22fd1ea10063-postfix.service-k9gX82         tmpxpgaq273.png
systemd-private-4ddf26857945446fbc3f22fd1ea10063-rtkit-daemon.service-UJfPYl    tmpyecrsugn
systemd-private-4ddf26857945446fbc3f22fd1ea10063-systemd-logind.service-JtWD9o  tmpyf4veczc.png
systemd-private-4ddf26857945446fbc3f22fd1ea10063-upower.service-OrTBjX          tmpzbcuflvd.png
tmp08thna5i                                                                     tmpzpretxtq.png
tmp0u5or04n                                                                     VeyonConfigurator.log
tmp2ock6vs0.png                                                                 VeyonFeatureWorker-8e997d84-ebb9-430f-8f72-d45d9821963d.log
tmp4uwgagew                                                                     VeyonServer.log
tmp6je4xaqu.png                                                                 VeyonServiceDataManager
tmp76c802j5                                                                     VeyonService.log
tmp7bzgqgco                                                                     yandex_browser_updater.log

[311u05@311U05 ~]$ ls /usr
bin  games  i686-w64-mingw32  include  lib  lib64  libexec  local  sbin  share  src  tmp  x86_64-w64-mingw32

[311u05@311U05 ~]$ ls /usr/bin | less
[
7z
7za
7zr
7zz
a52dec
ac
aclocal
aclocal-1.16
aconnect
acountry
acyclic
addr2line
adig
ahost
airscan-discover
alac
alias
alsaloop
alsamixer
alsaucm
alsaunmute
alt-java
amidi
amixer
amuFormat.sh
anaconda-cleanup
anaconda-disable-nm-ibft-plugin
analog
analyseplugin

[311u05@311U05 ~]$ ls /usr/lib
alsa                                      libformw.so.6.5                   liblockdev.so.1.0.0             libpng16.so.16.37.0               libvorbis.so.0.4.9
audit                                     libfreebl3.chk                    libltdl.so.7                    libpoppler-glib.so.8              libvpx.so.3
bfd-plugins                               libfreebl3.so                     libltdl.so.7.3.1                libpoppler-glib.so.8.21.0         libvpx.so.3.0
binfmt.d                                  libfreeblpriv3.chk                libLTO.so                       libpoppler.so.101                 libvpx.so.3.0.0
blueberry                                 libfreeblpriv3.so                 libLTO.so.12                    libpoppler.so.112                 libvpx.so.6
cpp                                       libfreetype.so.6                  liblz4.so.1                     libpoppler.so.112.0.0             libvpx.so.6.4
cups                                      libfreetype.so.6.19.0             liblz4.so.1.9.4                 libpopt.so.0                      libvpx.so.6.4.0
debug                                     libfribidi.so.0                   liblzma.so.5                    libpopt.so.0.0.0                  libvulkan_intel.so
dracut                                    libfribidi.so.0.4.0               liblzma.so.5.2.2                libproxy                          libvulkan_lvp.so
dri                                       libgailutil.so.18                 libm-2.28.so                    libproxy.so.1                     libvulkan_radeon.so
eclipse                                   libgailutil.so.18.0.1             libmana.so.1                    libproxy.so.1.0.0                 libvulkan.so.1
engines-1.1                               libgbm.so.1                       libmana.so.1.0.46.0             libpsl.so.5                       libvulkan.so.1.3.216
environment.d                             libgbm.so.1.0.0                   libmemusage.so                  libpsl.so.5.3.3                   libwavpack.so.1
fipscheck                                 libgcc_s-11-20230605.so.1         libmenu.so.6                    libpthread-2.28.so                libwavpack.so.1.2.0
firewalld                                 libgcc_s.so.1                     libmenu.so.6.5                  libpthread.so.0                   libwayland-client.so.0
firmware                                  libgcrypt.so.20                   libmenuw.so.6                   libpulse-simple.so.0              libwayland-client.so.0.20.0
fontconfig                                libgcrypt.so.20.2.6               libmenuw.so.6.5                 libpulse-simple.so.0.1.1          libwayland-cursor.so.0
gallium-pipe                              libgdk_pixbuf-2.0.so.0            libmimerS.so.2                  libpulse.so.0                     libwayland-cursor.so.0.20.0
games                                     libgdk_pixbuf-2.0.so.0.4000.0     libmimerS.so.2.0.0              libpulse.so.0.24.0                libwayland-egl.so.1
gcc                                       libgdk-x11-2.0.so.0               libmlx4.so.1                    libraqm.so.0                      libwayland-egl.so.1.20.0
gconv                                     libgdk-x11-2.0.so.0.2400.32       libmlx4.so.1.0.46.0             libraqm.so.0.700.0                libwayland-server.so.0
gdk-pixbuf-2.0                            libgd.so.3                        libmlx5.so.1                    libraw1394.so.11                  libwayland-server.so.0.20.0
gio                                       libgd.so.3.0.9                    libmlx5.so.1.24.46.0            libraw1394.so.11.1.0              libwebpdecoder.so.3
girepository-1.0                          libgio-2.0.so.0                   libmodman.so.1                  libreadline.so.7                  libwebpdecoder.so.3.1.8
grub                                      libgio-2.0.so.0.6503.0            libmodman.so.1.0.0              libreadline.so.7.0                libwebpdemux.so.2
gstreamer-1.0                             libglapi.so.0                     libmount.so.1                   libreadline.so.8                  libwebpdemux.so.2.0.14
gtk-2.0                                   libglapi.so.0.0.0                 libmount.so.1.1.0               libreadline.so.8.0                libwebpmux.so.3
i386-linux-gnu                            libGLdispatch.so.0                libmp3lame.so.0                 libRemarks.so                     libwebpmux.so.3.0.13
java                                      libGLdispatch.so.0.0.0            libmp3lame.so.0.0.0             libRemarks.so.12                  libwebp.so.7
jvm                                       libGLESv1_CM.so.1                 libmpg123.so.0                  libresolv-2.28.so                 libwebp.so.7.1.8
jvm-common                                libGLESv1_CM.so.1.2.0             libmpg123.so.0.48.3             libresolv.so.2                    libX11.so.6
jvm-exports                               libGLESv2.so.2                    libm.so.6                       librom1394.so.0                   libX11.so.6.3.0
jvm-private                               libGLESv2.so.2.1.0                libncurses.so.6                 librom1394.so.0.3.0               libX11-xcb.so.1
kbd                                       libglib-2.0.so.0                  libncurses.so.6.5               librt-2.28.so                     libX11-xcb.so.1.0.0
kconf_update_bin                          libglib-2.0.so.0.6503.0           libncursesw.so.6                librt.so.1                        libXau.so.6
kde3                                      libGL.so.1                        libncursesw.so.6.5              libsane.so.1                      libXau.so.6.0.0
kde4                                      libGL.so.1.7.0                    libnetsnmp.so.40                libsane.so.1.2.1                  libxcb-composite.so.0
kdump                                     libGLX_mesa.so.0                  libnetsnmp.so.40.2.1            libsapdbS.so.2                    libxcb-composite.so.0.0.0
kernel                                    libGLX_mesa.so.0.0.0              libnettle.so.6                  libsapdbS.so.2.0.0                libxcb-damage.so.0
krb5                                      libGLX.so.0                       libnettle.so.6.5                libsasl2.so.3                     libxcb-damage.so.0.0.0
ld-2.28.so                                libGLX.so.0.0.0                   libnettle.so.7                  libsasl2.so.3.0.0                 libxcb-dpms.so.0
ld-linux.so.2                             libGLX_system.so.0                libnettle.so.7.0                libSDL-1.2.so.0                   libxcb-dpms.so.0.0.0
libanl-2.28.so                            libgmodule-2.0.so.0               libnghttp2.so.14                libSDL-1.2.so.0.11.4              libxcb-dri2.so.0
libanl.so.1                               libgmodule-2.0.so.0.6503.0        libnghttp2.so.14.24.1           libSDL2-2.0.so.0                  libxcb-dri2.so.0.0.0
libasound.so.2                            libgmp.so.10                      libnl-3.so.200                  libSDL2-2.0.so.0.12.0             libxcb-dri3.so.0
libasound.so.2.0.0                        libgmp.so.10.4.1                  libnl-3.so.200.26.0             libSegFault.so                    libxcb-dri3.so.0.1.0
libasyncns.so.0                           libgnutls.so.30                   libnl-genl-3.so.200             libselinux.so.1                   libxcb-glx.so.0
libasyncns.so.0.3.1                       libgnutls.so.30.28.2              libnl-genl-3.so.200.26.0        libsepol.so.1                     libxcb-glx.so.0.0.0
libatk-1.0.so.0                           libgobject-2.0.so.0               libnl-idiag-3.so.200            libsharpyuv.so.0                  libxcb-present.so.0
libatk-1.0.so.0.23609.1                   libgobject-2.0.so.0.6503.0        libnl-idiag-3.so.200.26.0       libsharpyuv.so.0.0.1              libxcb-present.so.0.0.0
libatopology.so.2                         libgomp.so.1                      libnl-nf-3.so.200               libshout.so.3                     libxcb-randr.so.0
libatopology.so.2.0.0                     libgomp.so.1.0.0                  libnl-nf-3.so.200.26.0          libshout.so.3.2.0                 libxcb-randr.so.0.1.0
libavahi-client.so.3                      libgpg-error.so.0                 libnl-route-3.so.200            libslapi-2.4.so.2                 libxcb-record.so.0
libavahi-client.so.3.2.9                  libgpg-error.so.0.28.0            libnl-route-3.so.200.26.0       libslapi-2.4.so.2.11.3            libxcb-record.so.0.0.0
libavahi-common.so.3                      libgphoto2                        libnl-xfrm-3.so.200             libsmime3.so                      libxcb-render.so.0
libavahi-common.so.3.5.4                  libgphoto2_port                   libnl-xfrm-3.so.200.26.0        libsndfile.so.1                   libxcb-render.so.0.0.0
libavahi-libevent.so.1                    libgphoto2_port.so.12             libnn.so.2                      libsndfile.so.1.0.28              libxcb-res.so.0
libavahi-libevent.so.1.0.0                libgphoto2_port.so.12.0.0         libnn.so.2.0.0                  libsoftokn3.chk                   libxcb-res.so.0.0.0
libavc1394.so.0                           libgphoto2.so.6                   libnsl-2.28.so                  libsoftokn3.so                    libxcb-screensaver.so.0
libavc1394.so.0.3.0                       libgphoto2.so.6.1.0               libnsl.so.1                     libsoup-2.4.so.1                  libxcb-screensaver.so.0.0.0
libblkid.so.1                             libgraphite2.so.3                 libnspr4.so                     libsoup-2.4.so.1.10.0             libxcb-shape.so.0
libblkid.so.1.1.0                         libgraphite2.so.3.2.1             libnss3.so                      libsoup-gnome-2.4.so.1            libxcb-shape.so.0.0.0
libBrokenLocale-2.28.so                   libgsm.so.1                       libnss_compat-2.28.so           libsoup-gnome-2.4.so.1.10.0       libxcb-shm.so.0
libBrokenLocale.so.1                      libgsm.so.1.0.19                  libnss_compat.so.2              libspeex.so.1                     libxcb-shm.so.0.0.0
libbrotlicommon.so.1                      libgssapi_krb5.so.2               libnssdbm3.chk                  libspeex.so.1.5.1                 libxcb.so.1
libbrotlicommon.so.1.0.7                  libgssapi_krb5.so.2.2             libnssdbm3.so                   libsqlite3.so.0                   libxcb.so.1.1.0
libbrotlidec.so.1                         libgssrpc.so.4                    libnss_dns-2.28.so              libsqlite3.so.0.8.6               libxcb-sync.so.1
libbrotlidec.so.1.0.7                     libgssrpc.so.4.2                  libnss_dns.so.2                 libssh.so.4                       libxcb-sync.so.1.0.0
libbrotlienc.so.1                         libgstallocators-1.0.so.0         libnss_files-2.28.so            libssh.so.4.8.9                   libxcb-xf86dri.so.0
libbrotlienc.so.1.0.7                     libgstallocators-1.0.so.0.1603.0  libnss_files.so.2               libssh_threads.so.4               libxcb-xf86dri.so.0.0.0
libbz2.so.1                               libgstapp-1.0.so.0                libnss_mdns4_minimal.so.2       libssh_threads.so.4.8.9           libxcb-xfixes.so.0
libbz2.so.1.0.8                           libgstapp-1.0.so.0.1603.0         libnss_mdns4.so.2               libssl3.so                        libxcb-xfixes.so.0.0.0
libc-2.28.so                              libgstaudio-1.0.so.0              libnss_mdns6_minimal.so.2       libssl.so.1.1                     libxcb-xinerama.so.0
libcairo-gobject.so.2                     libgstaudio-1.0.so.0.1603.0       libnss_mdns6.so.2               libssl.so.1.1.1w                  libxcb-xinerama.so.0.0.0
libcairo-gobject.so.2.11704.0             libgstbase-1.0.so.0               libnss_mdns_minimal.so.2        libstdc++.so.6                    libxcb-xinput.so.0
libcairo-script-interpreter.so.2          libgstbase-1.0.so.0.1603.0        libnss_mdns.so.2                libstdc++.so.6.0.29               libxcb-xinput.so.0.1.0
libcairo-script-interpreter.so.2.11704.0  libgstcheck-1.0.so.0              libnss_myhostname.so.2          libsyn123.so                      libxcb-xkb.so.1
libcairo.so.2                             libgstcheck-1.0.so.0.1603.0       libnss_resolve.so.2             libsyn123.so.0                    libxcb-xkb.so.1.0.0
libcairo.so.2.11704.0                     libgstcontroller-1.0.so.0         libnss_systemd.so.2             libsyn123.so.0.2.3                libxcb-xselinux.so.0
libcap.so.2                               libgstcontroller-1.0.so.0.1603.0  libnssutil3.so                  libsystemd.so.0                   libxcb-xselinux.so.0.0.0
libcap.so.2.26                            libgstfft-1.0.so.0                libodbccr.so.2                  libsystemd.so.0.32.0              libxcb-xtest.so.0
libcdda_interface.so.0                    libgstfft-1.0.so.0.1603.0         libodbccr.so.2.0.0              libtag_c.so.0                     libxcb-xtest.so.0.0.0
libcdda_interface.so.0.10.2               libgstgl-1.0.so.0                 libodbcdrvcfg1S.so.2            libtag_c.so.0.0.0                 libxcb-xvmc.so.0
libcdda_paranoia.so.0                     libgstgl-1.0.so.0.1603.0          libodbcdrvcfg1S.so.2.0.0        libtag.so.1                       libxcb-xvmc.so.0.0.0
libcdda_paranoia.so.0.10.2                libgstnet-1.0.so.0                libodbcdrvcfg2S.so.2            libtag.so.1.17.0                  libxcb-xv.so.0
libcom_err.so.2                           libgstnet-1.0.so.0.1603.0         libodbcdrvcfg2S.so.2.0.0        libtasn1.so.6                     libxcb-xv.so.0.0.0
libcom_err.so.2.1                         libgstpbutils-1.0.so.0            libodbcinst.so                  libtasn1.so.6.6.0                 libXcomposite.so.1
libcrypto.so.1.1                          libgstpbutils-1.0.so.0.1603.0     libodbcinst.so.2                libtdsS.so                        libXcomposite.so.1.0.0
libcrypto.so.1.1.1w                       libgstreamer-1.0.so.0             libodbcinst.so.2.0.0            libtdsS.so.2                      libXcursor.so.1
libcrypt.so.2                             libgstreamer-1.0.so.0.1603.0      libodbcminiS.so.2               libtdsS.so.2.0.0                  libXcursor.so.1.0.2
libcrypt.so.2.0.0                         libgstriff-1.0.so.0               libodbcminiS.so.2.0.0           libtemplate.so.2                  libXdamage.so.1
libc.so.6                                 libgstriff-1.0.so.0.1603.0        libodbcmyS.so                   libtemplate.so.2.0.0              libXdamage.so.1.1.0
libcupsimage.so.2                         libgstrtp-1.0.so.0                libodbcmyS.so.2                 libthai.so.0                      libXdmcp.so.6
libcups.so.2                              libgstrtp-1.0.so.0.1603.0         libodbcmyS.so.2.0.0             libthai.so.0.3.1                  libXdmcp.so.6.0.0
libcurl.so.4                              libgstrtsp-1.0.so.0               libodbcnnS.so.2                 libtheoradec.so.1                 libXext.so.6
libcurl.so.4.8.0                          libgstrtsp-1.0.so.0.1603.0        libodbcnnS.so.2.0.0             libtheoradec.so.1.1.4             libXext.so.6.4.0
libdatrie.so.1                            libgstsdp-1.0.so.0                libodbcpsqlS.so                 libtheoraenc.so.1                 libXfixes.so.3
libdatrie.so.1.3.2                        libgstsdp-1.0.so.0.1603.0         libodbcpsqlS.so.2               libtheoraenc.so.1.1.2             libXfixes.so.3.1.0
libdb-5.3.so                              libgsttag-1.0.so.0                libodbcpsqlS.so.2.0.0           libtheora.so.0                    libXft.so.2
libdb-5.so                                libgsttag-1.0.so.0.1603.0         libodbc.so                      libtheora.so.0.3.10               libXft.so.2.3.3
libdbus-1.so.3                            libgstvideo-1.0.so.0              libodbc.so.2                    libthread_db-1.0.so               libXinerama.so.1
libdbus-1.so.3.19.17                      libgstvideo-1.0.so.0.1603.0       libodbc.so.2.0.0                libthread_db.so.1                 libXinerama.so.1.0.0
libdl-2.28.so                             libgthread-2.0.so.0               libodbctxtS.so.2                libtic.so.6                       libXi.so.6
libdl.so.2                                libgthread-2.0.so.0.6503.0        libodbctxtS.so.2.0.0            libtic.so.6.5                     libXi.so.6.1.0
libdrm_amdgpu.so.1                        libgtk-x11-2.0.so.0               libogg.so.0                     libtiff.so.5                      libxml2.so.2
libdrm_amdgpu.so.1.0.0                    libgtk-x11-2.0.so.0.2400.32       libogg.so.0.8.4                 libtiff.so.5.8.0                  libxml2.so.2.9.8
libdrm_intel.so.1                         libharfbuzz-cairo.so.0            libopenal.so.1                  libtiff.so.6                      libXpm.so.4
libdrm_intel.so.1.0.0                     libharfbuzz-cairo.so.0.60730.0    libopenal.so.1.19.1             libtiff.so.6.0.1                  libXpm.so.4.11.0
libdrm_nouveau.so.2                       libharfbuzz-gobject.so.0          libOpenCL.so.1                  libtiffxx.so.5                    libXrandr.so.2
libdrm_nouveau.so.2.0.0                   libharfbuzz-gobject.so.0.60730.0  libOpenCL.so.1.0.0              libtiffxx.so.5.8.0                libXrandr.so.2.2.0
libdrm_radeon.so.1                        libharfbuzz.so.0                  libopenjp2.so.2.4.0             libtiffxx.so.6                    libXrender.so.1
libdrm_radeon.so.1.0.1                    libharfbuzz.so.0.60730.0          libopenjp2.so.7                 libtiffxx.so.6.0.1                libXrender.so.1.3.0
libdrm.so.2                               libharfbuzz-subset.so.0           liboplodbcS.so.2                libtinfo.so.6                     libxshmfence.so.1
libdrm.so.2.4.0                           libharfbuzz-subset.so.0.60730.0   liboplodbcS.so.2.0.0            libtinfo.so.6.5                   libxshmfence.so.1.0.0
libdv.so.4                                libhistory.so.7                   libopus.so.0                    libtwolame.so.0                   libXv.so.1
libdv.so.4.0.3                            libhistory.so.7.0                 libopus.so.0.6.1                libtwolame.so.0.0.0               libXv.so.1.0.0
libedit.so.0                              libhistory.so.8                   liboraodbcS.so.2                libudev.so.1                      libXxf86vm.so.1
libedit.so.0.0.63                         libhistory.so.8.0                 liboraodbcS.so.2.0.0            libudev.so.1.7.2                  libXxf86vm.so.1.0.0
libefa.so.1                               libhogweed.so.4                   liborc-0.4.so.0                 libunistring.so.2                 libz.so.1
libefa.so.1.2.46.0                        libhogweed.so.4.5                 liborc-0.4.so.0.39.0            libunistring.so.2.1.0             libz.so.1.2.11
libEGL_mesa.so.0                          libhogweed.so.5                   liborc-test-0.4.so.0            libunwind-coredump.so.0           libzstd.so.1
libEGL_mesa.so.0.0.0                      libhogweed.so.5.0                 liborc-test-0.4.so.0.39.0       libunwind-coredump.so.0.0.0       libzstd.so.1.5.5
libEGL.so.1                               libibverbs                        libOSMesa.so.8                  libunwind.so.8                    LLVMgold.so
libEGL.so.1.1.0                           libibverbs.so.1                   libOSMesa.so.8.0.0              libunwind.so.8.0.1                locale
libelf-0.185.so                           libibverbs.so.1.14.46.0           libout123.so                    libunwind-x86.so.8                lsb
libelf.so.1                               libidn2.so.0                      libout123.so.0                  libunwind-x86.so.8.0.1            mdadm
libesoobS.so.2                            libidn2.so.0.3.6                  libout123.so.0.5.1              libusb-1.0.so.0                   modprobe.d
libesoobS.so.2.0.0                        libiec61883.so.0                  libp11-kit.so.0                 libusb-1.0.so.0.3.0               modules
libevent-2.0.so.5                         libiec61883.so.0.1.1              libp11-kit.so.0.3.0             libutil-2.28.so                   modules-load.d
libevent-2.0.so.5.1.9                     libieee1284.so.3                  libp11.so.3                     libutil.so.1                      motd
libevent-2.1.so.6                         libieee1284.so.3.2.2              libp11.so.3.4.3                 libuuid.so.1                      motd.d
libevent-2.1.so.6.0.2                     libimagequant.so.0                libpanel.so.6                   libuuid.so.1.3.0                  mozilla
libevent_core-2.0.so.5                    libjasper.so.4                    libpanel.so.6.5                 libv4l                            NetworkManager
libevent_core-2.0.so.5.1.9                libjasper.so.4.0.0                libpanelw.so.6                  libv4l1.so.0                      nss
libevent_core-2.1.so.6                    libjbig85.so.2.1                  libpanelw.so.6.5                libv4l1.so.0.0.0                  ostree
libevent_core-2.1.so.6.0.2                libjbig.so.2.1                    libpango-1.0.so.0               libv4l2rds.so.0                   p11-kit-proxy.so
libevent_extra-2.0.so.5                   libjpeg.so.62                     libpango-1.0.so.0.5000.14       libv4l2rds.so.0.0.0               pam.d
libevent_extra-2.0.so.5.1.9               libjpeg.so.62.3.0                 libpangocairo-1.0.so.0          libv4l2.so.0                      polkit-1
libevent_extra-2.1.so.6                   libk5crypto.so.3                  libpangocairo-1.0.so.0.5000.14  libv4l2.so.0.0.0                  pulseaudio
libevent_extra-2.1.so.6.0.2               libk5crypto.so.3.1                libpangoft2-1.0.so.0            libv4lconvert.so.0                python2.7
libevent_openssl-2.1.so.6                 libkdb5.so.10                     libpangoft2-1.0.so.0.5000.14    libv4lconvert.so.0.0.0            python3.8
libevent_openssl-2.1.so.6.0.2             libkdb5.so.10.0                   libpangoxft-1.0.so.0            libva-drm.so.2                    qt5
libevent_pthreads-2.0.so.5                libkeyutils.so.1                  libpangoxft-1.0.so.0.5000.14    libva-drm.so.2.1500.0             realmd
libevent_pthreads-2.0.so.5.1.9            libkeyutils.so.1.8                libpcap.so.1                    libva-glx.so.2                    rpm
libevent_pthreads-2.1.so.6                libkrad.so.0                      libpcap.so.1.10.1               libva-glx.so.2.1500.0             sane
libevent_pthreads-2.1.so.6.0.2            libkrad.so.0.0                    libpciaccess.so.0               libva.so.2                        sasl2
libexif.so.12                             libkrb5.so.3                      libpciaccess.so.0.11.1          libva.so.2.1500.0                 security
libexif.so.12.3.4                         libkrb5.so.3.3                    libpcprofile.so                 libva-wayland.so.2                sendmail
libexpat.so.1                             libkrb5support.so.0               libpcre2-8.so.0                 libva-wayland.so.2.1500.0         sendmail.postfix
libexpat.so.1.10.0                        libkrb5support.so.0.1             libpcre2-8.so.0.13.0            libva-x11.so.2                    sse2
libffi.so.6                               liblber-2.4.so.2                  libpcre2-posix.so.3             libva-x11.so.2.1500.0             sysctl.d
libffi.so.6.0.2                           liblber-2.4.so.2.11.3             libpcre2-posix.so.3.0.5         libverto.so.1                     sysimage
libFLAC++.so.6                            liblcms2.so.2                     libpcreposix.so.0               libverto.so.1.0.0                 systemd
libFLAC++.so.6.3.0                        liblcms2.so.2.0.15                libpcreposix.so.0.0.7           libvisual-0.4.so.0                sysusers.d
libFLAC.so.8                              libldap-2.4.so.2                  libpcre.so.1                    libvisual-0.4.so.0.0.0            tmpfiles.d
libFLAC.so.8.3.0                          libldap-2.4.so.2.11.3             libpcre.so.1.2.12               libVkLayer_MESA_device_select.so  tuned
libfontconfig.so.1                        libldap_r-2.4.so.2                libpixman-1.so.0                libvorbisenc.so.2                 udev
libfontconfig.so.1.12.0                   libldap_r-2.4.so.2.11.3           libpixman-1.so.0.40.0           libvorbisenc.so.2.0.12            vdpau
libform.so.6                              libLLVM-12.0.1.so                 libplc4.so                      libvorbisfile.so.3                wine
libform.so.6.5                            libLLVM-12.so                     libplds4.so                     libvorbisfile.so.3.3.8            x86_64-linux-gnu
libformw.so.6                             liblockdev.so.1                   libpng16.so.16                  libvorbis.so.0

[311u05@311U05 ~]$ ls /usr/local
bin  etc  games  include  lib  lib64  libexec  sbin  share  src

[311u05@311U05 ~]$ ls /usr/sbin
accessdb               dump-utmp                              install-info                 lvs                                         posttls-finger             start-statd
accton                 e2freefrag                             installkernel                lvscan                                      poweroff                   strfile
adcli                  e2fsck                                 ip                           makedumpfile                                pppd                       strongswan
addgnupghome           e2image                                ip6tables                    matchpathcon                                pppdump                    sulogin
addpart                e2label                                ip6tables-apply              mate-display-properties-install-systemwide  pppoe-discovery            swanctl
adduser                e2mmpstatus                            ip6tables-nft                mate-power-backlight-helper                 pppstats                   swaplabel
agetty                 e2undo                                 ip6tables-nft-restore        mate-system-log                             ppp-watch                  swapoff
alsactl                e4crypt                                ip6tables-nft-save           mdadm                                       pptp                       swapon
alsa-info.sh           e4defrag                               ip6tables-restore            mdmon                                       pptpsetup                  switch_root
alternatives           eapol_test                             ip6tables-restore-translate  mii-diag                                    pvchange                   sysctl
anaconda               ebtables                               ip6tables-save               mii-tool                                    pvck                       t1libconfig
anacron                ebtables-nft                           ip6tables-translate          mkdict                                      pvcreate                   tc
applygnupgdefaults     ebtables-nft-restore                   ipa-certupdate               mkdosfs                                     pvdisplay                  tcpd
arp                    ebtables-nft-save                      ipa-client-automount         mkdumprd                                    pvmove                     tcpdmatch
arpd                   ebtables-restore                       ipa-client-install           mke2fs                                      pvremove                   tcpdump
arping                 ebtables-save                          ipa-getkeytab                mkfs                                        pvresize                   tcpslice
arptables              ebtables-translate                     ipa-join                     mkfs.btrfs                                  pvs                        tcsd
arptables-nft          edquota                                ipa-rmkeytab                 mkfs.cramfs                                 pvscan                     telinit
arptables-nft-restore  efibootmgr                             ipmaddr                      mkfs.ext2                                   pwck                       thin_check
arptables-nft-save     era_check                              ipmi-chassis                 mkfs.ext3                                   pwconv                     thin_delta
arptables-restore      era_dump                               ipmi-chassis-config          mkfs.ext4                                   pwhistory_helper           thin_dump
arptables-save         era_invalidate                         ipmi-config                  mkfs.fat                                    pwmconfig                  thin_ls
atd                    era_restore                            ipmi-console                 mkfs.minix                                  pwunconv                   thin_metadata_size
atopacctd              ether-wake                             ipmiconsole                  mkfs.msdos                                  quotacheck                 thin_repair
atopgpud               ethtool                                ipmi-dcmi                    mkfs.ntfs                                   quotaoff                   thin_restore
atrun                  eventlogadm                            ipmi-detect                  mkfs.vfat                                   quotaon                    thin_rmap
auditctl               exportfs                               ipmidetect                   mkfs.xfs                                    quotastats                 thin_trim
auditd                 faillock                               ipmi-fru                     mkhomedir_helper                            raid-check                 tickadj
augenrules             fancontrol                             ipmi-locate                  mk_isdnhwdb                                 rdisc                      tipc
aureport               fatlabel                               ipmimonitoring               mklost+found                                rdma                       tracepath
ausearch               fcnsq                                  ipmi-oem                     mkntfs                                      readprofile                tracepath6
authconfig             fcoeadm                                ipmi-pef-config              mksquashfs                                  realm                      try-from
automount              fcoemon                                ipmi-pet                     mkswap                                      reboot                     tsig-keygen
autrace                fcping                                 ipmi-ping                    ModemManager                                redhat_lsb_trigger.x86_64  tune2fs
avahi-daemon           fcrls                                  ipmiping                     modinfo                                     repquota                   tuned
avcstat                fdformat                               ipmi-power                   modprobe                                    request-key                tuned-adm
badblocks              fdisk                                  ipmipower                    mount.cifs                                  resize2fs                  udevadm
beesu                  filefrag                               ipmi-raw                     mount.fuse                                  resizepart                 umount.nfs
biosdecode             findfs                                 ipmi-sel                     mount.fuse3                                 restorecon                 umount.nfs4
biosdevname            fipvlan                                ipmi-sensors                 mount.glusterfs                             restorecon_xattr           umount.udisks2
blkdeactivate          fixfiles                               ipmi-sensors-config          mount.lowntfs-3g                            rfkill                     unbound-anchor
blkdiscard             fix-info-dir                           iprconfig                    mount.nfs                                   rmcp-ping                  unix_chkpwd
blkid                  fixparts                               iprdbg                       mount.nfs4                                  rmcpping                   unix_update
blkmapd                foomatic-addpjloptions                 iprdump                      mount.ntfs                                  rmmod                      unsquashfs
blkzone                foomatic-cleanupdrivers                iprinit                      mount.ntfs-3g                               rngd                       unstr
blockdev               foomatic-extract-text                  iprsos                       mount.ntfs-fuse                             route                      update-alternatives
bmc-config             foomatic-fix-xml                       iprupdate                    mount.smb3                                  rpcbind                    update-pciids
bmc-device             foomatic-getpjloptions                 ipsec                        mountstats                                  rpcdebug                   update-smart-drivedb
bmc-info               foomatic-kitload                       iptables                     mount.vboxsf                                rpc.gssd                   usb_modeswitch
brctl                  foomatic-nonumericalids                iptables-apply               mpathconf                                   rpc.idmapd                 usb_modeswitch_dispatcher
bridge                 foomatic-preferred-driver              iptables-nft                 mpathpersist                                rpcinfo                    usbmuxd
btrfs                  foomatic-printermap-to-gutenprint-xml  iptables-nft-restore         mtr                                         rpc.mountd                 useradd
btrfsck                foomatic-replaceoldprinterids          iptables-nft-save            mtr-packet                                  rpc.nfsd                   userdel
btrfs-convert          fsadm                                  iptables-restore             multipath                                   rpc.statd                  userhelper
btrfs-find-root        fsck                                   iptables-restore-translate   multipathd                                  rsyslogd                   usermod
btrfs-image            fsck.btrfs                             iptables-save                named-checkzone                             rtacct                     VBoxService
btrfs-map-logical      fsck.cramfs                            iptables-translate           named-compilezone                           rtcwake                    vdpa
btrfs-select-super     fsck.ext2                              iptunnel                     nameif                                      rtkitctl                   vdptool
btrfstune              fsck.ext3                              irqbalance                   netscsid                                    rtmon                      vgcfgbackup
build-locale-archive   fsck.ext4                              isadump                      NetworkManager                              rtstat                     vgcfgrestore
cache_check            fsck.fat                               isaset                       new-kernel-pkg                              runlevel                   vgchange
cache_dump             fsck.minix                             iscsiadm                     newusers                                    runuser                    vgck
cache_metadata_size    fsck.msdos                             iscsid                       nfbpf_compile                               sa                         vgconvert
cache_repair           fsck.ntfs                              iscsi-iname                  nfnl_osf                                    safe_finger                vgcreate
cache_restore          fsck.vfat                              iscsistart                   nfsconf                                     samba                      vgdisplay
cache_writeback        fsck.xfs                               iscsiuio                     nfsconvert                                  samba_dnsupdate            vgexport
capsh                  fsfreeze                               iw                           nfsdcld                                     samba_downgrade_db         vgextend
certmonger             fstrim                                 kadmind                      nfsdclddb                                   samba-gpupdate             vgimport
cfdisk                 fuser                                  kadmin.local                 nfsdclnts                                   samba_kcc                  vgimportclone
cgdcbxd                fxload                                 kdb5_util                    nfsdcltrack                                 samba_spnupdate            vgimportdevices
cgdisk                 g13-syshelp                            kexec                        nfsidmap                                    samba_upgradedns           vgmerge
charon-cmd             gdisk                                  key.dns_resolver             nfsiostat                                   sasldblistusers2           vgmknodes
charon-systemd         gdm                                    kpartx                       nfsref                                      saslpasswd2                vgreduce
chat                   genhomedircon                          kpatch                       nfsstat                                     sedispatch                 vgremove
chcpu                  genhostid                              kprop                        nft                                         sefcontext_compile         vgrename
check_hd               genl                                   kpropd                       nmbd                                        selabel_digest             vgs
chgpasswd              getcap                                 kproplog                     nologin                                     selabel_lookup             vgscan
chkconfig              getenforce                             krb5kdc                      nstat                                       selabel_lookup_best_match  vgsplit
chpasswd               getpcaps                               lchage                       ntfsclone                                   selabel_partial_match      via_regs_dump
chronyd                getsebool                              ldattach                     ntfscp                                      selinux_check_access       vigr
chroot                 getsysinfo                             ldconfig                     ntfslabel                                   selinuxconlist             vipw
cifs.idmap             glibc_post_upgrade.i686                ledctl                       ntfsresize                                  selinuxdefcon              virt-what
cifs.upcall            glibc_post_upgrade.x86_64              ledmon                       ntfsundelete                                selinuxenabled             visudo
clock                  glusterfs                              lgroupadd                    ntpd                                        selinuxexeccon             vmcore-dmesg
consoletype            glusterfsd                             lgroupdel                    ntpdate                                     semanage                   vpddecode
convert_hd             gpartedbin                             lgroupmod                    ntpdc                                       semodule                   weak-modules
convertquota           gpm                                    lid                          ntp-keygen                                  sendmail                   winbindd
cracklib-check         groupadd                               lldpad                       ntpq                                        sendmail.postfix           wipefs
cracklib-format        groupdel                               lldptool                     ntptime                                     sensors-detect             wpa_cli
cracklib-packer        groupmems                              lnewusers                    ntsysv                                      service                    wpa_passphrase
cracklib-unpacker      groupmod                               lnstat                       oddjobd                                     sestatus                   wpa_supplicant
create-cracklib-dict   grpck                                  load_policy                  ownership                                   setcap                     xfs_admin
crond                  grpconv                                lockdev                      packer                                      setenforce                 xfs_bmap
cryptsetup             grpunconv                              logrotate                    pam_console_apply                           setfiles                   xfs_copy
ctrlaltdel             grub2-bios-setup                       logsave                      pam_namespace_helper                        setpci                     xfs_db
ctstat                 grub2-get-kernel-settings              lokkit                       pam_timestamp_check                         setquota                   xfsdump
cupsaccept             grub2-install                          losetup                      paperconfig                                 setregdomain               xfs_estimate
cups-browsed           grub2-macbless                         lpadmin                      parted                                      setroubleshootd            xfs_freeze
cupsctl                grub2-mkconfig                         lpasswd                      partprobe                                   setsebool                  xfs_fsr
cupsd                  grub2-probe                            lpc                          partx                                       setup                      xfs_growfs
cupsdisable            grub2-reboot                           lpc.cups                     pdata_tools                                 sfdisk                     xfs_info
cupsenable             grub2-set-bootflag                     lpinfo                       pef-config                                  sgdisk                     xfsinvutil
cupsfilter             grub2-set-default                      lpmove                       pidof                                       sgpio                      xfs_io
cups-genppd.5.3        grub2-set-password                     lsmod                        ping                                        showmount                  xfs_logprint
cups-genppdupdate      grub2-setpassword                      lspci                        ping6                                       shutdown                   xfs_mdrestore
cupsreject             grub2-switch-to-blscfg                 luseradd                     pivot_root                                  skdump                     xfs_metadump
dcb                    grubby                                 luserdel                     plipconfig                                  sktest                     xfs_mkfile
dcbtool                gssproxy                               lusermod                     plymouthd                                   slattach                   xfs_ncheck
ddns-confgen           halt                                   lvchange                     plymouth-set-default-theme                  smartctl                   xfs_quota
debugfs                handle-sshpw                           lvconvert                    pm-hibernate                                smartd                     xfs_repair
delpart                hddtemp                                lvcreate                     pm-powersave                                smbd                       xfsrestore
depmod                 hdparm                                 lvdisplay                    pm-suspend                                  sm-notify                  xfs_rtcp
devlink                hwclock                                lvextend                     pm-suspend-hybrid                           smtp-sink                  xfs_spaceman
dm_dso_reg_tool        hwinfo                                 lvm                          pm-utils-bugreport-info.sh                  smtp-source                xl2tpd
dmeventd               hypervfcopyd                           lvmconfig                    postalias                                   sosreport                  xl2tpd-control
dmevent_tool           hypervkvpd                             lvmdevices                   postcat                                     spice-vdagentd             xqmstats
dmfilemapd             hypervvssd                             lvmdiskscan                  postconf                                    ss                         xtables-monitor
dmidecode              iconvconfig                            lvmdump                      postdrop                                    sserver                    xtables-nft-multi
dmraid                 ifconfig                               lvm_import_vdo               postfix                                     sshd                       zdump
dmraid.static          ifdown                                 lvmpolld                     postkick                                    sss_cache                  zic
dmsetup                ifenslave                              lvmsadc                      postlock                                    sssctl                     zramctl
dmstats                ifstat                                 lvmsar                       postlog                                     sssd                       zvbid
dosfsck                ifup                                   lvreduce                     postmap                                     sss_debuglevel
dosfslabel             iio-sensor-proxy                       lvremove                     postmulti                                   sss_obfuscate
dump-acct              init                                   lvrename                     postqueue                                   sss_override
dumpe2fs               insmod                                 lvresize                     postsuper                                   sss_seed

[311u05@311U05 ~]$ ls /usr/share
aclocal              dnfdaemon              glusterfs                    ipmitool         licenses                        openal                strongswan
aclocal-1.16         dnfdragora             glvnd                        iso-codes        locale                          openssl-gost-engine   sushi
adobe                doc                    gnome                        iso-flag-png     lsb                             open-vm-tools         swig
alsa                 dosbox                 gnome-background-properties  ivy-xmls         lua                             orca                  system-config-firewall
alsa-card-profile    doublecmd              gnome-bluetooth              java             luajit-2.1                      osinfo                system-config-printer
anaconda             drirc.d                gnome-control-center         javadoc          m17n                            os-prober             system-config-selinux
ant                  eb                     gnome-session                javascript       magic                           ostree                system-config-users
antiword             eclipse                gnome-settings-daemon        java-utils       makedumpfile                    p11-kit               systemd
appdata              egl                    gnome-shell                  javazi           man                             pam.d                 systemtap
applications         emacs                  gnome-video-effects          javazi-1.8       marco                           perl5                 t1lib
applnk               emoticons              gnome-vpn-properties         join-to-domain   mate                            pixmaps               tabset
apps                 empty                  gnupg                        jvm              mate-about                      pkgconfig             tcl8
atom                 empty.sshd             goldendict                   jvm-common       mate-applets                    pki                   tcl8.6
atop                 enchant                GraphicsMagick-1.3.29        kconf_update     mate-background-properties      pluma                 templates
atril                enchant-2              graphviz                     kde4             mate-control-center             plymouth              terminfo
audacity             engrampa               groff                        kde-settings     mate-layout-chooser             polkit-1              texlive
audit                enscript               grub                         kdump            mate-media                      poppler               themes
augeas               eom                    gstreamer-0.10               keyutils         mate-menus                      ppd                   thumbnailers
authselect           espeak-ng-data         gstreamer-1.0                kf5              mate-panel                      projectM              timeshift
autoconf             evolution-data-server  gtk-2.0                      kio_desktop      mate-power-manager              publicsuffix          tk8.6
autocorr             factory                gtk-3.0                      knotifications5  mate-screensaver                pulseaudio            tracker
automake-1.16        ffmpeg                 gtk-doc                      knsrcfiles       mate-session-manager            python-meh            tracker3
autostart            file                   gtk-engines                  kpackage         mate-settings-daemon            python-wheels         tracker-miners
avahi                firstboot              gtksourceview-3.0            kservices5       mate-time-admin                 qemu                  tuned
awk                  fish                   gtksourceview-4              kservicetypes5   maven-metadata                  qlogging-categories5  usb_modeswitch
backgrounds          flameshot              guile                        kxmlgui5         maven-poms                      qt5                   usermode
bash-completion      fontconfig             gutenprint                   ladspa           mc                              redhat-release        veyon
bison                fonts                  gvfs                         libchewing       mdadm                           redland               vim
blivet-gui           foo2hiperc             hardinfo                     libdrm           media-player-info               redos                 vlc
brasero              foo2hp                 help                         libexttextcat    metacity                        redos-release         vulkan
caja                 foo2lava               hplip                        libgnomekbd      metainfo                        remmina               wallpapers
caja-actions         foo2oak                hwdata                       libgpg-error     mime                            samba                 wayland-sessions
caja-extensions      foo2qpdl               hwinfo                       libgphoto2       mime-info                       sane                  web-assets
caja-python          foo2slx                hyphen                       libgweather      mimelnk                         seahorse              wine
caribou              foo2xqx                i18n                         libhangul        mingw                           selinux               X11
cdrdao               foo2zjs                ibus                         libindicator     misc                            services              xdg-desktop-portal
cmake                foomatic               ibus-chewing                 libinput         mlt                             servicetypes          xemacs
color                fpcsrc                 ibus-hangul                  libkkc           mobile-broadband-provider-info  setroubleshoot        xfsprogs
colord               games                  ibus-kkc                     liblangtag       ModemManager                    setuptool             xml
config               gawk                   ibus-libpinyin               liblouis         modulefiles                     sgml                  xmvn
config.kcfg          gcc-11                 ibus-m17n                    liblouisutdml    Modules                         share_directory       xsessions
config.site          GConf                  ibus-rawcode                 libmateweather   mousetweaks                     shotcut               xtables
connectfolder        gdb                    ibus-sayura                  libnumbertext    movit                           skk                   yelp
cracklib             gdm                    ibus-table                   librarian        mozilla                         smartmontools         yelp-xsl
crypto-policies      gegl-0.4               icedtea-web                  libreoffice      mozo                            snmp                  zenity
cscope               gettext                icons                        libreport        mypaint-data                    solid                 zoneinfo
cups                 gettext-0.21           icu                          libthai          myspell                         sounds                zsh
dbus-1               ghostscript            idl                          libtimezonemap   mythes                          source-highlight
dconf                gimp                   ImageMagick-6                libtool          nano                            spandsp
defaults             gir-1.0                info                         libwacom         obs                             speech-dispatcher
desktop-directories  git-core               intltool                     libwmf           omf                             sssd
dict                 glib-2.0               ipa                          libyui           onboard                         stardict

[311u05@311U05 ~]$ ls /usr/share/doc
7zip                                  ivtv-firmware-20080701                     libyui-mga-gtk                           python3-blivet
a52dec-0.7.5                          jack-audio-connection-kit-1.9.14           libyui-mga-qt                            python3-cairo
aalib-libs-1.4.0                      jakarta-oro-2.0.8                          libyui-ncurses                           python3-cairocffi-1.1.0
abattis-cantarell-fonts-0.201         jansson                                    libyui-qt                                python3-cairosvg
accountsservice-0.6.55                jasper-libs-2.0.17                         libzmf-0.0.2                             python3-certifi
adcli                                 java-11-openjdk-11.0.17.0.8-2.el7.x86_64   lilv-0.24.2                              python3-cffi
adobe-mappings-cmap-20171205          java-11-openjdk-11.0.17.0.8-3.el7.x86_64   linuxconsoletools-1.7.0                  python3-charset-normalizer
adobe-mappings-pdf-20180407           java-11-openjdk-11.0.25.0.9-1.el7.x86_64   lklug-fonts-0.6                          python3-configobj
aic94xx-firmware-30                   java-1.6.0-openjdk-1.6.0.40                lksctp-tools-1.0.18                      python3-configshell-1.1.28
alac_decoder-0.2.0                    java-17-openjdk-17.0.13.0.11-1.el7.x86_64  lldpad                                   python3-cryptography
alsa-firmware                         java-1.8.0-openjdk-1.8.0.275.b01-1.el7     lmdb-libs-0.9.26                         python3-cssselect2-0.3.0
alsa-lib                              java-1.8.0-openjdk-1.8.0.422.b06-3.el7     lm_sensors-3.6.0                         python3-cups-2.0.1
alsa-plugins-pulseaudio               javamail-1.5.2                             lockdev-1.0.4                            python3-dasbus-1.3
alsa-sof-firmware                     jbig2dec-libs                              log4j                                    python3-dateutil
alsa-tools                            jbigkit-libs-2.1                           loginfo                                  python3-decorator
alsa-utils                            jdepend-2.9.1                              logrotate                                python3-defusedxml
amrnb                                 jitterentropy-2.1.2                        lohit-assamese-fonts-2.91.5              python3-deprecated
amrwb                                 jomolhari-fonts-0.003                      lohit-bengali-fonts-2.91.5               python3-distro
annobin-plugin                        jq                                         lohit-devanagari-fonts-2.95.4            python3-dnf-plugins-core
ant                                   jsoncpp                                    lohit-gujarati-fonts-2.92.4              python3-dns
antiword                              json-glib-1.6.0                            lohit-kannada-fonts-2.5.4                python3-gettext-4.0
apache-commons-codec-1.11             junit-4.12                                 lohit-malayalam-fonts-2.92.2             python3-gobject-base-noarch
apache-commons-el-1.0                 jzlib-1.1.3                                lohit-marathi-fonts-2.94.2               python3-gpg-1.12.0
apache-commons-io                     kbd                                        lohit-nepali-fonts-2.94.2                python3-gssapi
apache-commons-lang3                  kexec-tools                                lohit-oriya-fonts-2.5.4.1                python3-idna
apache-commons-logging-1.2            keybinder3-0.3.2                           lohit-punjabi-fonts-2.5.3                python3-ipaclient
apache-commons-net-3.4                keyutils-1.6                               lohit-tamil-fonts-2.91.3                 python3-ipalib
apr                                   kf5-attica                                 lohit-telugu-fonts-2.5.5                 python3-jinja2
apr-util                              kf5-karchive                               low-memory-monitor-2.0                   python3-jwcrypto
argyllcms                             kf5-kauth                                  lpsolve-5.5.2.0                          python3-kickstart
arj-3.10.22                           kf5-kbookmarks                             lsof-4.93.2                              python3-kmod-0.9
assertj-core                          kf5-kcodecs                                lua-5.3.4                                python3-ldap-3.1.0
at-3.1.23                             kf5-kcompletion                            luajit                                   python3-libs
atk                                   kf5-kconfigwidgets                         luaposix                                 python3-libxml2
atkmm-2.24.3                          kf5-kcoreaddons                            lua-posix-33.3.1                         python3-manatools-0.0.3
atop                                  kf5-kcrash                                 lucene                                   python3-markupsafe
atril                                 kf5-kdbusaddons                            lvm2                                     python3-meh-0.48
at-spi2-atk-2.37.90                   kf5-kdoctools                              lz4-libs                                 python3-netaddr-0.7.19
at-spi2-core                          kf5-kglobalaccel                           lzip-1.21                                python3-netifaces-0.10.4
attr-2.4.48                           kf5-kguiaddons                             lzo-2.10                                 python3-olefile-0.45.1
audacity                              kf5-ki18n                                  lzop-1.04                                python3-pid-2.2.3
audit                                 kf5-kiconthemes                            m17n-db-1.8.0                            python3-pillow
augeas-libs-1.12.0                    kf5-kinit                                  m17n-lib-1.8.0                           python3-pip
authselect                            kf5-kitemviews                             m4-1.4.18                                python3-ply-3.11
authselect-libs                       kf5-kjobwidgets                            madan-fonts-2.000                        python3-productmd
autoconf                              kf5-knotifications                         mailcap-2.1.48                           python3-psutil
autocorr-en                           kf5-kservice                               mailx-12.5                               python3-pyasn1
autocorr-ru                           kf5-ktextwidgets                           make                                     python3-pyatspi-2.34.0
autofs-5.1.6                          kf5-kwallet                                man-db-2.7.6.1                           python3-pycparser-2.14
autogen-libopts-5.18.16               kf5-kwidgetsaddons                         man-pages-4.16                           python3-pycurl-7.43.0.2
automake                              kf5-kwindowsystem                          man-pages-overrides-7.3.2                python3-pydbus-0.6.0
avahi                                 kf5-kxmlgui                                marco                                    python3-pyparsing-2.4.7
avahi-libs                            kf5-solid                                  mariadb-connector-c                      python3-pyparted
babeltrace                            kmod-25                                    marisa                                   python3-pyqt5-sip
babl                                  kpartx                                     mate-applets                             python3-pysocks
bash                                  krb5-libs                                  mate-calc                                python3-pystray-0.17.1
bash-completion                       krb5-server                                mate-control-center                      python3-pytz
batik                                 krb5-workstation                           mate-desktop                             python3-pyudev-0.21.0
bc-1.07.1                             kyotocabinet-libs-1.2.78                   mate-disk-usage-analyzer                 python3-pyusb-1.0.0
bcel                                  ladspa-1.13                                mate-icon-theme                          python3-pyxdg
beesu-2.7                             lame-3.100                                 mate-media                               python3-pyyaml
binutils                              lame-libs-3.100                            mate-menus                               python3-qrcode-core
biosdevname-0.7.3                     langtable-0.0.53                           mate-notification-daemon                 python3-qt5-base
bison-3.7.2                           lasi                                       mate-panel                               python3-reportlab
blktrace-1.0.5                        lazarus-ide                                mate-polkit                              python3-requests
blueberry                             lcms2                                      mate-power-manager                       python3-requests-file-1.4.3
bluez                                 ldns-1.7.0                                 mate-screensaver                         python3-requests-ftp-0.3.1
bluez-tools-0.2.0                     ledmon-0.93                                mate-search-tool                         python3-rtslib
bolt-0.8                              less                                       mate-session-manager                     python3-setproctitle
brasero-3.12.2                        libabw-0.1.3                               mate-settings-daemon                     python3-setuptools
breeze-icon-theme-5.40.0              libao-1.2.0                                mate-system-monitor                      python3-simpleline-1.6
bridge-utils-1.5                      libappindicator-gtk3                       mate-terminal                            python3-six
brlapi-0.7.0                          libarchive                                 mate-themes                              python3-slip-0.6.4
bsf-2.4.0                             libart_lgpl-2.3.21                         mate-user-guide                          python3-slip-dbus-0.6.4
byacc-1.9.20200330                    libass-0.14.0                              mate-utils-common                        python3-smbc
byte-buddy                            libassuan                                  mathjax-2.7.4                            python3-tinycss2-1.0.2
bzip2-1.0.8                           libasyncns-0.8                             mbedtls                                  python3-typing-extensions
bzip2-devel-1.0.8                     libatasmart-0.19                           mc                                       python3-unbound
cabextract-1.6                        libavc1394-0.5.4                           mcpp                                     python3-urllib3
cairo                                 libbasicobjects-0.1.1                      mdadm                                    python3-urwid-2.0.1
cairo-devel                           libblkid                                   media-player-info-23                     python3-webencodings
cairomm-1.12.0                        libblkid-devel                             mesa-filesystem                          python3-wrapt
caja                                  libbluray-0.2.3                            metacity                                 python3-xcffib-0.9.0
caja-actions                          libbluray2-1.0.2                           microcode_ctl                            python3-xlib
caja-extension-actions                libbs2b-3.1.0                              mingw32-lcms2                            python3-yubico-1.3.2
caja-extensions-common                libbsd                                     mingw32-libjpeg-turbo                    python-caja
c-ares                                libburn                                    mingw32-libpng                           python-crypto
caribou                               libbytesize                                mingw32-libtiff                          python-systemd-232
cdparanoia-10.2                       libcaca                                    mingw32-wine-gecko                       qca-qt5
cdrdao-1.2.3                          libcanberra                                mingw32-win-iconv                        qca-qt5-ossl
celt-0.11.3                           libcap                                     mingw64-lcms2                            qemu-guest-agent
certmonger                            libcbor-0.7.0                              mingw64-libjpeg-turbo                    qpdf-libs-10.0.3
cgdcbxd                               libcddb                                    mingw64-libpng                           qrencode-libs-3.4.4
cheese                                libcdio                                    mingw64-libtiff                          qt5
chromium                              libcdio-paranoia                           mingw64-wine-gecko                       qt5pas
chrony                                libcdr                                     mingw64-win-iconv                        qtlockedfile-qt5-2.4
cjkuni-uming-fonts-0.2.20080216.1     libcgroup                                  mingw-filesystem-base                    qtsingleapplication-qt5-2.6.1
clucene-core-2.3.3.4                  libchewing-0.5.1                           mkpasswd                                 quota-4.05
clutter-1.26.2                        libchromaprint-1.4.2                       mlocate-0.26                             quota-nls-4.05
clutter-gst3-3.0.27                   libcloudproviders                          mlt                                      raptor2-2.0.15
clutter-gtk-1.8.4                     libcmis-0.5.2                              mobile-broadband-provider-info-20190618  rarian-0.8.1
cmake                                 libcollection-0.7.0                        ModemManager                             rasqal-0.9.33
cogl-1.22.2                           libcomps-0.1.15                            mokutil                                  rcs-5.9.4
colord-1.4.2                          libconfig-1.7.2                            mousetweaks-3.32.0                       rdate-1.4
colord-gtk-0.1.26                     libcue                                     movit                                    rdma-core
colord-libs-1.4.2                     libdaemon-0.14                             mozjs78                                  realmd-0.16.3
compat-openssl10-1.0.2o               libdatrie-0.2.9-devel                      mozo                                     recode-3.6
compat-readline5-5.2                  libdatrie-devel-0.2.9                      mpfr-3.1.6                               redhat-lsb-core
compat-wxGTK3-gtk2                    libdb-5.3.28                               mpfr4                                    redhat-release
comps-extras                          libdbusmenu-16.04.0                        mpg123-libs                              redland-1.0.17
control-center-3.38.0                 libde265                                   mtdev-1.1.5                              redos-logos
coreutils-common                      libdhash-0.5.0                             mtools-4.0.24                            redos-menus
cpio                                  libdmx-1.1.4                               mtr                                      redos-release
cpptest-1.1.1                         libdnf                                     mutter-3.38.1                            redos-rpm-config
cracklib-2.9.6                        libdrm                                     mypaint-brushes-1.3.1                    redos-theme-blue
cronie                                libdvbpsi-1.3.2                            mythes-1.2.4                             redos-theme-red
cryptsetup                            libdvdnav-6.0.1                            mythes-en-3.0                            redoswelcome
cscope-15.8                           libdvdread-6.0.2                           mythes-ru-0.20070613                     regexp-1.5
csnappy-0                             libebml                                    nano                                     remmina
ctags-5.8                             libe-book-0.1.3                            natspec                                  rest-0.8.1
cups                                  libebur128                                 ncompress-4.2.4.4                        rhash-1.3.5
cups-filters                          libeconf-0.3.8                             ncurses                                  rng-tools
cups-pk-helper-0.2.6                  libedit-3.1                                ncurses-base                             rpcbind
curl                                  libeot                                     neon                                     rpm
cyrus-sasl-lib                        libepoxy                                   netpbm                                   rsync
dbus-daemon                           libepubgen-0.1.1                           net-snmp-libs                            rsyslog
dbus-glib-0.110                       liberation-fonts-common                    nettle                                   rtkit-0.11
dbusmenu-qt5-0.9.3                    liberation-narrow-fonts                    NetworkManager                           rtl8821ce-common
dcadec-0.1.0                          libestr-0.1.9                              network-manager-applet                   rtl8821cu-common
debugedit                             libetonyek                                 NetworkManager-l2tp                      rtw89-common
dejavu-fonts-common-2.35              libevdev                                   NetworkManager-libreswan                 rzip-2.1
deltarpm                              libevent-2.1.8                             newt-0.52.21                             samba
desktop-file-utils                    libewf-20140808                            nfs4-acl-tools-0.3.5                     samba-client
device-mapper                         libexif-0.6.22                             nfs-utils                                sane-backends
device-mapper-multipath               libexttextcat                              nftables                                 satyr
device-mapper-multipath-libs          libfastjson-0.99.8                         nhn-nanum-fonts-common-3.020             schroedinger-1.0.11
device-mapper-persistent-data-0.7.3   libfdk-aac-0.1.6                           nss-mdns-0.10                            scl-utils
diffstat-1.57                         libffi-3.1                                 ntfs-3g                                  SDL
diffutils-3.6                         libfido2                                   ntfs-3g-system-compression               SDL2
djvulibre-libs                        libfontenc-1.1.4                           ntfsprogs                                SDL_image-1.2.12
dmidecode                             libfprint                                  ntp                                      SDL_net-1.2.8
dmraid                                libfreehand-0.1.2                          ntpdate                                  SDL_sound-1.0.3
dnf                                   libgcrypt                                  ntpstat                                  seahorse-3.14.1
dnfdaemon                             libgdata                                   nwipe-0.26                               secure-delete-3.1
dnfdragora                            libgdither                                 obs-studio                               sed-4.5
docbook-dtds                          libgee-0.20.3                              ocl-icd-2.2.12                           serd-0.28.0
docbook-style-xsl-1.79.2              libgexiv2-0.12.1                           oddjob                                   setroubleshoot-plugins
dosbox                                libglade2-2.6.4                            oddjob-mkhomedir                         setroubleshoot-server
dosfstools-4.1                        libglvnd                                   onboard-data                             setserial-2.17
dotconf-1.3                           libgnome-keyring                           oniguruma-6.9.5                          setup
doublecmd-common                      libgomp                                    opal-3.10.10                             setuptool
double-conversion                     libgpg-error-1.37                          openal-soft-1.19.1                       sg3_utils-libs-1.45
doxygen-1.8.20                        libgphoto2-2.5.24                          openblas-0.3.9                           sgml-common
dracut                                libgsf                                     opencore-amr-0.1.5                       sgpio-1.2.0.10
dvd+rw-tools-7.1                      libgtop2-2.40.0                            OpenEXR-libs                             shadow-utils
e2fsprogs                             libgudev-232                               openh264-libs                            share_directory
eb                                    libgusb                                    openjpeg2                                shared-mime-info
ed-1.14.2                             libgweather-3.36.1                         openjpeg-libs                            shotcut
efibootmgr-15                         libgxps                                    openldap                                 sil-abyssinica-fonts-1.200
efi-srpm-macros                       libhandy                                   open-sans-fonts-1.10                     sil-nuosu-fonts-2.1.1
ekiga                                 libhangul-0.1.0                            openssh                                  sil-padauk-fonts-3.003
elfutils                              libheif                                    openssl                                  simple-scan
enchant-1.6.0                         libical-3.0.7                              openssl-pkcs11                           skkdic-20130104
enchant2-2.2.11                       libICE                                     opentest4j-1.1.1                         slang-2.3.2
engrampa                              libicu                                     open-vm-tools                            smartmontools
enscript-1.6.6                        libicu-devel                               opusfile                                 smc-fonts-common-6.1
environment-modules                   libid3tag-0.15.1b                          orc                                      smc-meera-fonts-6.1
eom                                   libidn2-2.2.0                              orca                                     snappy-1.1.8
espeak-ng                             libiec61883-1.2.0                          osinfo-db-tools-1.5.0                    sord
ethtool-5.8                           libieee1284-0.2.11                         os-prober-1.77                           sos-3.8
evince-libs                           libimagequant-2.12.6                       ostree                                   sound-theme-freedesktop-0.8
evolution-data-server                 libimobiledevice-1.3.0                     overpass-fonts-3.0.2                     soundtouch-2.0.0
exempi                                libindicator-gtk3-12.10.1                  p11-kit                                  source-highlight-3.1.9
expat                                 libini_config-1.3.1                        pakchois-0.4                             sox
faac-1.28                             libinput                                   paktype-naskh-basic-fonts-4.1            soxr-0.1.3
faad2                                 libipt                                     pango                                    spandsp
fcoe-utils                            libiptcdata-1.0.5                          pangomm-2.42.1                           speech-dispatcher
fdk-aac-free                          libisofs                                   paps-0.6.8                               speex-1.2.0
felix-scr-2.1.16                      libjpeg-turbo                              paps-libs-0.6.8                          speexdsp
ffmpeg                                libjpeg-turbo-devel                        paratype-pt-sans-fonts-20141121          speexdsp-1.2.0
fftw-libs-double-3.3.8                libkate                                    parted                                   spice-vdagent-0.20.0
fftw-libs-single-3.3.8                libkcapi-1.2.0                             passwd                                   sqlite-libs
file-5.39                             libkkc-0.3.5                               patch-2.7.6                              squashfs-tools-4.4
file-libs-5.39                        libkkc-data-0.2.7                          patchutils-0.3.4                         sratom
findutils                             libksba                                    pcaudiolib-1.1                           srm-1.2.15
flac-libs-1.3.3                       liblangtag                                 pciutils-3.6.4                           sssd-common
flameshot                             liblouis                                   pcre2-devel                              star
flex-2.6.1                            liblouisutdml                              pcre2-syntax                             startup-notification-0.12
fluidsynth-libs-2.1.1                 liblqr-1-0.4.2                             pcre-8.44                                stix-fonts-1.1.0
fontconfig                            liblzf                                     pcre-devel-8.44                          strace-5.9
fonts-rpm-macros                      libmad-0.15.1b                             pcre-utf16-8.44                          strongswan
foo2zjs                               libmanette                                 pcre-utf32-8.44                          subversion
foomatic-4.0.13                       libmatekbd                                 perl-Archive-Tar-2.36                    sudo
foomatic-db                           libmatemixer                               perl-Archive-Zip-1.64                    sushi-3.28.3
foomatic-db-ppds                      libmateweather                             perl-autodie-2.32                        swig-4.0.2
fortune-mod-1.99.1                    libmatroska-1.4.8                          perl-bignum-0.51                         switcheroo-control-2.1
fpaste-0.3.7.4.1                      libmbim                                    perl-Carp-1.50                           sysstat
fpc                                   libmcpp                                    perl-common-sense-3.7.4                  system-config-firewall-base
fprintd                               libmetalink-0.1.3                          perl-Compress-Bzip2-2.28                 system-config-printer
fprintd-pam                           libmikmod-3.3.11.1                         perl-Compress-LZF-3.8                    system-config-printer-libs
freeglut-3.2.1                        libmms                                     perl-Compress-Raw-Bzip2-2.093            system-config-users
freeipmi                              libmng-2.0.3                               perl-Compress-Raw-Zlib-2.093             system-config-users-docs-1.0.9
freerdp-default-libs                  libmnl-1.0.4                               perl-Config-Perl-V-0.32                  systemd
freerdp-libs                          libmodman-2.0.1                            perl-constant-1.33                       systemtap-client
freetype                              libmodplug-0.8.9.0                         perl-Convert-Bencode-1.03                systemtap-devel
freetype-devel                        libmodulemd                                perl-CPAN                                systemtap-runtime
frei0r-plugins                        libmpc                                     perl-CPAN-DistnameInfo-0.12              systemtap-sdt-devel
fribidi                               libmpcdec-1.2.6                            perl-Cpanel-JSON-XS-4.12                 t1lib-5.1.2
fstrm                                 libmpeg2-0.5.1                             perl-CPAN-Meta                           taglib-1.11.1
ftgl-2.1.3                            libmspack-0.6                              perl-CPAN-Meta-Requirements              tagsoup-1.2.1
fuse-2.9.9                            libmspub-0.1.4                             perl-CPAN-Meta-YAML-0.018                tar
fuse3-3.9.4                           libmusicbrainz5-5.1.0                      perl-Data-Dump-1.23                      targetcli
fxload-2008_10_13                     libmwaw                                    perl-Data-Dumper-2.174                   tbb
game-music-emu-0.6.1                  libmypaint-1.6.1                           perl-Data-OptList-0.110                  tbb2020.3
gamin-0.1.10                          libndp                                     perl-Data-Section-0.200007               tcl-8.6.8
gavl                                  libnfnetlink-1.0.1                         perl-DB_File-1.853                       tcpdump
gawk                                  libnfsidmap                                perl-Devel-PPPort-3.58                   tcp_wrappers
gcc                                   libnftnl                                   perl-Devel-Size-0.83                     tcp_wrappers-libs
gcc-c++                               libnice                                    perl-Digest-1.17                         tcsh-6.22.02
gcc-gdb-plugin                        libnl3-3.5.0                               perl-Digest-MD5-2.55                     teamd-1.31
gcc-gfortran                          libnl3-cli-3.5.0                           perl-Digest-SHA-6.02                     thai-scalable-fonts-common-0.6.5
GConf2-3.2.6                          libnma                                     perl-Encode-3.02                         thessalonica-tempora-lgc-ttf-fonts-0.2.1
gcr                                   libnotify-0.7.9                            perl-Encode-Locale-1.05                  tigervnc
gdb                                   libnumbertext                              perl-encoding-2.22                       time-1.9
gdbm-1.18.1                           libodfgen                                  perl-Env-1.04                            timeshift
gdisk-1.0.5                           libofa-0.9.3                               perl-Error-0.17029                       tk-8.6.8
gdk-pixbuf2                           libogg-1.3.4                               perl-experimental-0.020                  totem-pl-parser
gdm                                   liboggz-1.1.1                              perl-Exporter-5.74                       tpm2-tools
genisoimage-1.1.11                    liboil-0.3.16                              perl-ExtUtils-CBuilder-0.280234          tpm2-tss
geoclue2-2.5.5                        liborcus                                   perl-ExtUtils-Install-2.14               traceroute
geocode-glib                          libosinfo                                  perl-ExtUtils-MakeMaker-7.46             tracker
gettext-0.21                          libpagemaker-0.0.4                         perl-ExtUtils-Manifest-1.72              tracker-miners
gettext-devel-0.21                    libpaper-1.1.28                            perl-ExtUtils-ParseXS-3.40               trousers-0.3.13
giflib                                libpath_utils-0.2.1                        perl-File-Fetch-0.56                     tslib-1.22
gimp                                  libpcap                                    perl-File-HomeDir-1.004                  ttmkfdir-3.0.9
gimp-libs                             libpciaccess-0.16                          perl-File-Path-2.16                      tuned
git                                   libpeas-1.28.0                             perl-File-Temp-0.230.900                 tzdata
gjs-1.66.0                            libphonenumber                             perl-File-Which-1.23                     ucs-miscfixed-fonts-0.3
glassfish-jsp-2.3.3                   libpinyin-2.3.0                            perl-Filter-1.59                         udisks2-2.8.4
glassfish-jsp-api-2.3.2               libpipeline-1.5.0                          perl-Filter-Simple-0.95                  unbound-libs
glassfish-servlet-api-3.1.0           libplacebo-0.4.0                           perl-Getopt-Long-2.51                    unique
glib2                                 libplist-2.2.0                             perl-HTTP-Tiny-0.076                     univocity-parsers
glibc                                 libpng-devel-1.6.37                        perl-inc-latest-0.500                    unixODBC
glibc-common                          libprojectM-2.1.0                          perl-IO-Compress-2.087                   unoconv
glibmm24-2.64.2                       libproxy-0.4.15                            perl-IO-Socket-IP-0.39                   unzip-6.0
glib-networking-2.66.0                libpwquality-1.4.3                         perl-IO-Socket-SSL-2.066                 upower-0.99.11
glusterfs                             libqmi                                     perl-IPC-Cmd-1.04                        uriparser-0.7.5
gmp                                   libquadmath-devel                          perl-IPC-System-Simple-1.25              usb_modeswitch-2.4.0
gnome-bluetooth-3.34.3                libquicktime                               perl-IPC-SysV-2.07                       usb_modeswitch-data-20160612
gnome-desktop3-3.38.1                 libqxp-0.0.2                               perl-JSON-PP-4.04                        usbmuxd
gnome-disk-utility-3.38.0             LibRaw                                     perl-JSON-XS-4.02                        usbutils-012
gnome-keyring                         libraw1394-2.1.2                           perl-libnet-3.11                         usermode
gnome-multi-writer                    libref_array-0.1.5                         perl-libs                                userspace-rcu-0.12.1
gnome-online-accounts-3.38.0          libreoffice-data                           perl-Locale-Maketext-1.29                utf8proc-2.4.0
gnome-session                         libreoffice-opensymbol-fonts               perl-local-lib-2.000024                  util-linux
gnome-settings-daemon-3.38.1          librepo                                    perl-Math-BigInt                         vamp-plugin-sdk-2.5
gnome-shell                           libreport-2.14.0                           perl-Math-BigInt-FastCalc-0.500.800      veyon
gnome-video-effects-0.5.0             libreswan                                  perl-Math-BigRat-0.2614                  vid.stab
gnu-free-fonts-common-20120503        librevenge-0.0.4                           perl-MIME-Base64-3.15                    vim-common
gnupg2                                librhsm                                    perl-Module-Build                        vino
gnustep-base-libs-1.25.0              librsvg2                                   perl-Module-CoreList-5.20190920          VirtualBox-server
gnutls                                librtmp-2.4+git20150115                    perl-Module-CoreList-tools-5.20190920    virt-what-1.20
goldendict                            libsamplerate-0.1.9                        perl-Module-Load-0.34                    vlc
google-crosextra-carlito-fonts-1.103  libseccomp-2.5.0                           perl-Module-Load-Conditional-0.68        vlgothic-fonts-20130607
google-droid-sans-fonts-20120715      libsecret-0.20.3                           perl-Module-Metadata-1.000037            vo-amrwbenc-0.1.3
go-rpm-macros                         libshout-2.2.2                             perl-Mozilla-CA-20180117                 volume_key-libs-0.3.12
gparted                               libsigc++20-2.10.3                         perl-MRO-Compat-0.13                     vorbis-tools
gpgme-1.12.0                          libsigsegv                                 perl-Net-SSLeay-1.88                     vte291
gpgmepp-1.12.0                        libSM-1.2.3                                perl-Package-Generator-1.106             vulkan-headers
gpm-1.20.7                            libsndfile                                 perl-Params-Check-0.38                   vulkan-loader
graphene-1.10.2                       libsolv                                    perl-Params-Util-1.07                    vulkan-tools
GraphicsMagick                        libsoup                                    perl-parent-0.237                        wavpack
graphite2                             libspectre-0.2.9                           perl-PathTools-3.78                      webrtc-audio-processing-0.3.1
graphite2-devel-1.3.13                libsrtp-2.3.0                              perl-perlfaq-5.20190126                  wget
graphviz                              libssh                                     perl-PerlIO-via-QuotedPrint-0.08         which-2.21
grep-3.1                              libssh2                                    perl-Perl-OSType-1.010                   wine-core
groff-base-1.22.3                     libstaroffice-0.0.7                        perl-Pod-Checker-1.73                    wine-courier-fonts
grub2-common                          libstdc++-devel                            perl-Pod-Escapes-1.07                    wine-dxvk
gsettings-desktop-schemas             libstemmer-0                               perl-podlators-4.12                      wine-filesystem
gsm-1.0.19                            libstoragemgmt-1.8.5                       perl-Pod-Parser-1.63                     wine-fixedsys-fonts
gsound-1.0.2                          libtar-1.2.20                              perl-Pod-Perldoc-3.28                    wine-marlett-fonts
gssdp-1.2.3                           libtasn1                                   perl-Pod-Simple-3.35                     wine-mono
gstreamer-0.10.36                     libthai-0.1.28                             perl-Pod-Usage-1.69                      wine-ms-sans-serif-fonts
gstreamer1                            libthai-devel-0.1.28                       perl-Scalar-List-Utils-1.52              wine-small-fonts
gstreamer1-plugins-bad-free           libtheora-1.1.1                            perl-Sereal-Decoder-4.018                wine-symbol-fonts
gstreamer1-plugins-base               libtiff                                    perl-Sereal-Encoder-4.018                wine-system-fonts
gstreamer1-plugins-good               libtiff-devel                              perl-Socket-2.029                        wine-tahoma-fonts
gstreamer-ffmpeg-0.10.13              libtiger-0.3.4                             perl-Software-License-0.103014           winetricks
gstreamer-plugins-bad-free-0.10.23    libtimezonemap                             perl-Storable-3.15                       wine-webdings-fonts
gstreamer-plugins-base-0.10.36        libtirpc                                   perl-Sub-Exporter-0.987                  wine-wingdings-fonts
gstreamer-plugins-good-0.10.31        libtool                                    perl-Sub-Install-0.928                   wipe-0.21
gtk2-2.24.32                          libtpms                                    perl-Sys-Syslog-0.35                     wireless-regdb
gtk2-engines-2.20.2                   libunistring-0.9.10                        perl-Term-ANSIColor-4.06                 wmctrl-1.07
gtk3                                  libunwind                                  perl-Term-Cap-1.17                       wodim-1.1.11
gtkmm30-3.24.2                        libupnp-1.8.4                              perl-TermReadKey-2.38                    words-3.0
gtk-murrine-engine-0.98.2             libusal-1.1.11                             perl-Test-Harness-3.42                   workaround-cyrillic-console-1.1
gtksourceview3-3.24.11                libusb-0.1.7                               perl-Test-Simple-1.302168                wpa_supplicant
gucharmap-13.0.2                      libusbmuxd-2.0.2                           perl-Text-Balanced-2.03                  wpebackend-fdo-1.8.0
guile-2.0.14                          libusbx                                    perl-Text-Glob-0.11                      wqy-microhei-fonts-0.2.0
guile22                               libuser                                    perl-Text-ParseWords-3.30                wqy-zenhei-fonts-0.9.46
gupnp-1.2.4                           libutempter-1.2.1                          perl-Text-Tabs+Wrap-2013.0523            wvdial-1.61
gupnp-igd                             libuv                                      perl-Text-Template-1.56                  wxBase3
gvfs-client                           libv4l-1.12.5                              perl-Thread-Queue-3.13                   x264
gzip                                  libva                                      perl-threads-2.22                        xalan-j2-2.7.1
hardinfo                              libvdpau-1.4                               perl-threads-shared-1.60                 xapps
harfbuzz                              libverto                                   perl-Time-HiRes-1.9764                   xcb-util-0.4.0
hddtemp-0.3                           libvisio-0.1.7                             perl-Time-Local-1.300                    xcb-util-image-0.4.0
hdparm-9.58                           libvisual-0.4.0                            perl-Types-Serialiser-1.0                xcb-util-keysyms-0.4.0
hicolor-icon-theme-0.17               libvmaf                                    perl-Unicode-Collate-1.27                xcb-util-renderutil-0.3.9
hostname-3.20                         libvncserver                               perl-Unicode-Normalize-1.26              xcb-util-wm-0.4.1
hplip                                 libvorbis-1.3.7                            perl-URI-1.76                            xdg-desktop-portal
HTML                                  libvpx                                     perl-version-0.99.24                     xdg-desktop-portal-gtk-1.8.0
httpcomponents-client-4.5.7           libwacom-1.5                               perl-XML-Dumper-0.81                     xdg-user-dirs-0.15
httpcomponents-core-4.4.10            libwacom-data-1.5                          perl-XML-Parser-2.44                     xdg-user-dirs-gtk-0.10
hunspell-1.7.0                        libwebp                                    perl-XML-Writer-0.625                    xdg-utils-1.1.3
hunspell-en-0.20140811.1              libwinpr                                   perl-YAML-1.29                           xerces-j2-2.12.0
hunspell-en-GB-0.20140811.1           libwinpr-default                           perl-YAML-LibYAML-0.80                   xfsdump-3.1.6
hunspell-en-US-0.20140811.1           libwmf-lite                                perl-YAML-Syck-1.31                      xfsprogs
hunspell-ru-0.99g5                    libwnck-2.31.0                             physfs-3.0.2                             xkeyboard-config
hwdata                                libwnck3                                   pigz-2.4                                 xl2tpd
hw-id                                 libwpd-0.10.3                              pinentry                                 xml-common
hwinfo-21.47                          libwpe-1.8.0                               pinfo-0.6.10                             xml-commons-apis-1.4.01
hyperv-daemons-license-0              libwpg-0.3.3                               pipewire0.2-libs-0.2.7                   xml-commons-resolver-1.2
hyphen-2.8.8                          libwps-0.4.12                              pipewire-0.3.13                          xmlgraphics-commons-2.2
hyphen-ru-0.20020727                  libwvstreams-4.6.1                         pipewire-libs-0.3.13                     xmlrpc-c
ibus-1.5.21                           libX11-common                              pixman                                   xmlsec1
ibus-chewing-1.6.1                    libx86emu-1.11                             pkgconf                                  xorgproto
ibus-hangul-1.4.2                     libXau-1.0.9                               pluma                                    xorg-x11-drv-dummy-0.3.7
ibus-kkc-1.5.22                       libXaw-1.0.13                              pluma-plugins                            xorg-x11-drv-evdev-2.10.6
ibus-libpinyin-1.11.94                libXcomposite-0.4.5                        plymouth                                 xorg-x11-drv-intel-2.99.917
ibus-m17n-1.4.3                       libxcrypt                                  pm-utils                                 xorg-x11-drv-libinput
ibus-rawcode-1.3.2                    libXcursor-1.2.0                           pnm2ppa-1.04                             xorg-x11-drv-openchrome-0.6.0
ibus-sayura-1.3.2                     libXdamage-1.1.5                           policycoreutils                          xorg-x11-drv-qxl-0.1.5
ibus-table-1.5.0                      libXdmcp-1.1.3                             polkit                                   xorg-x11-drv-synaptics-legacy-1.9.1
ibus-table-chinese-1.4.6              libXdmcp-devel-1.1.3                       polkit-gnome-0.106                       xorg-x11-drv-wacom-0.39.0
icedax-1.1.11                         libXext-1.3.4                              polkit-pkla-compat-0.1                   xorg-x11-font-utils-7.5
icedtea-web                           libXfixes                                  polkit-qt5-1-0.112.0                     xorg-x11-proto-devel
icu4j-63.1                            libXfont2-2.0.4                            poppler                                  xorg-x11-server-common
id3lib-3.8.3                          libXft-2.3.3                               popt-1.16                                xorg-x11-xauth-1.1
iio-sensor-proxy-2.2                  libXi-1.7.10                               portaudio-19                             xorg-x11-xinit-1.4.0
ilmbase-2.3.0                         libXinerama-1.1.4                          postfix                                  xpp3-1.1.4
ima-evm-utils                         libxkbfile-1.1.0                           ppp                                      xprintidle-0.2
ImageMagick                           libxklavier-5.4                            pptp-1.7.2                               xpyb
ImageMagick-libs                      libxml2                                    procps-ng                                xsel-1.2.0
imsettings-1.6.3                      libxml2-devel                              protobuf                                 xvattr-1.3
imsettings-gsettings-1.6.3            libXmu-1.1.3                               protobuf-c                               xvidcore-1.3.4
imsettings-libs-1.6.3                 libXpm                                     psacct-6.6.4                             xxhash-libs
indent-2.2.11                         libXpresent-1.0.0                          psmisc-23.1                              xz-5.2.2
inih                                  libXrandr-1.5.2                            ptlib-2.10.11                            xz-java-1.8
iniparser                             libXrender-0.9.10                          pulseaudio                               xz-libs-5.2.2
initial-setup                         libXrender-devel-0.9.10                    pulseaudio-libs                          yad
initscripts-10.00.6                   libXres-1.2.0                              pygobject2-2.28.7                        yajl
intltool-0.51.0                       libXScrnSaver-1.2.3                        pygtk2-2.24.0                            yelp
inxi                                  libxslt-1.1.34                             python2                                  yelp-xsl-3.38.0
ipa-client                            libXt                                      python2-decorator-4.0.11                 zbar-0.23
ipa-client-common                     libXtst-1.2.3                              python2-gobject-base-3.36.1              zchunk-libs
ipa-common                            libXv-1.0.11                               python2-libs                             zenity
ipmitool                              libXvMC-1.0.12                             python2-libuser                          zip-3.0
iproute                               libXxf86dga-1.1.5                          python2-newt-0.52.21                     zlib
iprutils-2.4.17.1                     libXxf86misc-1.0.4                         python2-setuptools                       zlib-devel
iputils-20190515                      libXxf86vm                                 python2-six                              zstd
irqbalance-1.0.7                      libyaml-0.2.2                              python2-slip-0.6.4                       zvbi-0.2.35
iscsi-initiator-utils-6.2.1.0         libyui                                     python2-slip-dbus-0.6.4
isl-0.16.1                            libyui-gtk                                 python3
iso-codes-3.79                        libyui-mga                                 python3-augeas-0.5.0

[311u05@311U05 ~]$ ls /var
account  adm  cache  crash  db  empty  ftp  games  gopher  kerberos  lib  local  lock  log  mail  nis  opt  preserve  run  spool  target  tmp  yp

[311u05@311U05 ~]$ ls /var/log
anaconda           boot.log-20250124  cron-20241223             dnf.log              hawkey.log-20250115  maillog-20250115   ntpstats  secure-20241223    spooler-20250122
atop               boot.log-20250128  cron-20250115             dnf.log.1            hawkey.log-20250122  maillog-20250122   ppp       secure-20250115    spooler-20250129
audit              boot.log-20250129  cron-20250122             dnf.rpm.log          hawkey.log-20250129  maillog-20250129   private   secure-20250122    sssd
blivet-gui         boot.log-20250130  cron-20250129             gdm                  join-to-domain.log   messages           qemu-ga   secure-20250129    tallylog
boot.log           btmp               cups                      glusterfs            journal              messages-20241223  README    speech-dispatcher  tuned
boot.log-20250121  btmp-20250115      dnf.librepo.log           grubby               lastlog              messages-20250115  sa        spooler            wtmp
boot.log-20250122  chrony             dnf.librepo.log-20230823  hawkey.log           maillog              messages-20250122  samba     spooler-20241223   Xorg.9.log
boot.log-20250123  cron               dnf.librepo.log-20240203  hawkey.log-20241223  maillog-20241223     messages-20250129  secure    spooler-20250115

[311u05@311U05 ~]$ mkdir dir1
[311u05@311U05 ~]$ ls
 CA-32   dir1   lab1.txt   sync.sh  'VirtualBox VMs'   Видео   Документы   Загрузки   Изображения   Музыка   Общедоступные  'Рабочий стол'   Шаблоны
[311u05@311U05 ~]$ mkdir dir2
[311u05@311U05 ~]$ mv dir 2 dir 1
mv: указанная цель '1' не является каталогом
[311u05@311U05 ~]$ mv dir2 dir1
[311u05@311U05 ~]$ ls
 CA-32   dir1   lab1.txt   sync.sh  'VirtualBox VMs'   Видео   Документы   Загрузки   Изображения   Музыка   Общедоступные  'Рабочий стол'   Шаблоны
[311u05@311U05 ~]$ cd dir1
[311u05@311U05 dir1]$ ls
dir2
[311u05@311U05 dir1]$ cd dir2
[311u05@311U05 dir2]$ ls
[311u05@311U05 dir2]$ cd 

311u05@311U05 ~]$ cd dir1
[311u05@311U05 dir1]$ ls
dir2  mxaimkaloh
[311u05@311U05 dir1]$ rm mxaimkaloh
[311u05@311U05 dir1]$ ls
dir2
[311u05@311U05 dir1]$ cd
[311u05@311U05 ~]$  mkdir playground
[311u05@311U05 ~]$ ls
 CA-32   dir1   lab1_temp.txt   lab1.txt   playground   sync.sh  'VirtualBox VMs'   Видео   Документы   Загрузки   Изображения   Музыка   Общедоступные  'Рабочий стол'   Шаблоны
[311u05@311U05 ~]$ cp /etc/passwd .
[311u05@311U05 ~]$ ls
[311u05@311U05 ~]$ mv passwd fun
[311u05@311U05 ~]$ ls
 CA-32   dir1   fun   lab1_temp.txt   lab1.txt   playground   sync.sh  'VirtualBox VMs'   Видео   Документы   Загрузки   Изображения   Музыка   Общедоступные  'Рабочий стол'   Шаблоны
[311u05@311U05 ~]$ cd
[311u05@311U05 ~]$ ls
 CA-32   dir1   fun   lab1_temp.txt   lab1.txt   playground   sync.sh  'VirtualBox VMs'   Видео   Документы   Загрузки   Изображения   Музыка   Общедоступные  'Рабочий стол'   Шаблоны
[311u05@311U05 ~]$ mv fun dir1
[311u05@311U05 ~]$ ls
 CA-32   dir1   lab1_temp.txt   lab1.txt   playground   sync.sh  'VirtualBox VMs'   Видео   Документы   Загрузки   Изображения   Музыка   Общедоступные  'Рабочий стол'   Шаблоны
[311u05@311U05 ~]$ cd
[311u05@311U05 ~]$ cd dir1
[311u05@311U05 dir1]$ mv fun dir1
[311u05@311U05 dir1]$ ls
dir1  dir2
[311u05@311U05 dir1]$ cd
[311u05@311U05 ~]$ cd playground
[311u05@311U05 ~]$ cd playground
[311u05@311U05 playground]$ mkdir tast1
[311u05@311U05 playground]$ ls
tast1
[311u05@311U05 playground]$ mkdir tast2
[311u05@311U05 playground]$ ls
tast1  tast2
[311u05@311U05 playground]$ mkdir huk
[311u05@311U05 playground]$ rm -r huk
[311u05@311U05 playground]$ ls
tast1  tast2
[311u05@311U05 playground]$ cd
[311u05@311U05 ~]$ cd playground
[311u05@311U05 playground]$ ln fun tast1/fun-hard
ln: не удалось получить доступ к 'fun': No such file or directory
[311u05@311U05 playground]$ ln test tast1/test-hard
[311u05@311U05 playground]$ ls
tast1  tast2  test
[311u05@311U05 playground]$ tast1
bash: tast1: команда не найдена
[311u05@311U05 playground]$ cd tast1
[311u05@311U05 tast1]$ ls
test-hard

