pivnoyback@prikoli:~$ ls -l
total 20
-rw-r--r-- 1 root       root         38 мая 29 05:38 123.txt
drwx--x--- 8 pivnoyback pivnoyback 4096 мая 29 06:20 docker
drwxrwxr-x 2 pivnoyback pivnoyback 4096 мая  2 05:50 drive_sdb1
drwxrwxr-x 2 pivnoyback pivnoyback 4096 мая  2 05:51 drive_sdb5
drwxrwxr-x 2 pivnoyback pivnoyback 4096 мая  2 05:51 drive_sdb6
pivnoyback@prikoli:~$ rm -r docker/
^C
pivnoyback@prikoli:~$ sudo rm -r docker/
pivnoyback@prikoli:~$ sudo apt install samba
Чтение списков пакетов… Готово
Построение дерева зависимостей… Готово
Чтение информации о состоянии… Готово         
Будут установлены следующие дополнительные пакеты:
  attr ibverbs-providers libavahi-client3 libavahi-common-data libavahi-common3 libboost-iostreams1.74.0
  libboost-thread1.74.0 libcephfs2 libcups2 libgfapi0 libgfrpc0 libgfxdr0 libglusterfs0 libibverbs1 libldb2
  libnl-route-3-200 librados2 librdmacm1 libtalloc2 libtdb1 libtevent0 liburing2 libwbclient0
  python3-dnspython python3-gpg python3-ldb python3-markdown python3-pygments python3-requests-toolbelt
  python3-samba python3-talloc python3-tdb samba-common samba-common-bin samba-dsdb-modules samba-libs
  samba-vfs-modules tdb-tools
Предлагаемые пакеты:
  cups-common python3-sniffio python3-trio python-markdown-doc python-pygments-doc ttf-bitstream-vera bind9
  bind9utils ctdb ldb-tools ntp | chrony smbldap-tools winbind heimdal-clients
Следующие НОВЫЕ пакеты будут установлены:
  attr ibverbs-providers libavahi-client3 libavahi-common-data libavahi-common3 libboost-iostreams1.74.0
  libboost-thread1.74.0 libcephfs2 libcups2 libgfapi0 libgfrpc0 libgfxdr0 libglusterfs0 libibverbs1 libldb2
  libnl-route-3-200 librados2 librdmacm1 libtalloc2 libtdb1 libtevent0 liburing2 libwbclient0
  python3-dnspython python3-gpg python3-ldb python3-markdown python3-pygments python3-requests-toolbelt
  python3-samba python3-talloc python3-tdb samba samba-common samba-common-bin samba-dsdb-modules samba-libs
  samba-vfs-modules tdb-tools
Обновлено 0 пакетов, установлено 39 новых пакетов, для удаления отмечено 0 пакетов, и 137 пакетов не обновлено.
Необходимо скачать 20,1 MB архивов.
После данной операции объём занятого дискового пространства возрастёт на 106 MB.
Хотите продолжить? [Д/н] y
Пол:1 http://ru.archive.ubuntu.com/ubuntu jammy/main amd64 libtalloc2 amd64 2.3.3-2build1 [25,6 kB]
Пол:2 http://ru.archive.ubuntu.com/ubuntu jammy/main amd64 libtevent0 amd64 0.11.0-1build1 [39,2 kB]
Пол:3 http://ru.archive.ubuntu.com/ubuntu jammy-updates/main amd64 libwbclient0 amd64 2:4.15.13+dfsg-0ubuntu1.6 [266 kB]
Пол:4 http://ru.archive.ubuntu.com/ubuntu jammy/main amd64 python3-dnspython all 2.1.0-1ubuntu1 [123 kB]
Пол:5 http://ru.archive.ubuntu.com/ubuntu jammy/main amd64 libtdb1 amd64 1.4.5-2build1 [46,4 kB]
Пол:6 http://ru.archive.ubuntu.com/ubuntu jammy-updates/main amd64 libldb2 amd64 2:2.4.4-0ubuntu0.22.04.2 [154 kB]
Пол:7 http://ru.archive.ubuntu.com/ubuntu jammy-updates/main amd64 python3-ldb amd64 2:2.4.4-0ubuntu0.22.04.2 [41,7 kB]
Пол:8 http://ru.archive.ubuntu.com/ubuntu jammy/main amd64 python3-tdb amd64 1.4.5-2build1 [15,5 kB]
Пол:9 http://ru.archive.ubuntu.com/ubuntu jammy-updates/main amd64 libavahi-common-data amd64 0.8-5ubuntu5.2 [23,8 kB]
Пол:10 http://ru.archive.ubuntu.com/ubuntu jammy-updates/main amd64 libavahi-common3 amd64 0.8-5ubuntu5.2 [23,9 kB]
Пол:11 http://ru.archive.ubuntu.com/ubuntu jammy-updates/main amd64 libavahi-client3 amd64 0.8-5ubuntu5.2 [28,0 kB]
Пол:12 http://ru.archive.ubuntu.com/ubuntu jammy-updates/main amd64 libcups2 amd64 2.4.1op1-1ubuntu4.11 [263 kB]
Пол:13 http://ru.archive.ubuntu.com/ubuntu jammy/main amd64 python3-talloc amd64 2.3.3-2build1 [13,0 kB]
Пол:14 http://ru.archive.ubuntu.com/ubuntu jammy-updates/main amd64 samba-libs amd64 2:4.15.13+dfsg-0ubuntu1.6 [6 276 kB]
Пол:15 http://ru.archive.ubuntu.com/ubuntu jammy-updates/main amd64 python3-samba amd64 2:4.15.13+dfsg-0ubuntu1.6 [3 115 kB]
Пол:16 http://ru.archive.ubuntu.com/ubuntu jammy-updates/main amd64 samba-common all 2:4.15.13+dfsg-0ubuntu1.6 [75,7 kB]
Пол:17 http://ru.archive.ubuntu.com/ubuntu jammy-updates/main amd64 samba-common-bin amd64 2:4.15.13+dfsg-0ubuntu1.6 [620 kB]
Пол:18 http://ru.archive.ubuntu.com/ubuntu jammy/main amd64 tdb-tools amd64 1.4.5-2build1 [26,2 kB]
Пол:19 http://ru.archive.ubuntu.com/ubuntu jammy-updates/main amd64 samba amd64 2:4.15.13+dfsg-0ubuntu1.6 [1 192 kB]
Пол:20 http://ru.archive.ubuntu.com/ubuntu jammy/main amd64 attr amd64 1:2.5.1-1build1 [22,6 kB]
Пол:21 http://ru.archive.ubuntu.com/ubuntu jammy/main amd64 libnl-route-3-200 amd64 3.5.0-0.1 [180 kB]
Пол:22 http://ru.archive.ubuntu.com/ubuntu jammy/main amd64 libibverbs1 amd64 39.0-1 [69,3 kB]
Пол:23 http://ru.archive.ubuntu.com/ubuntu jammy/main amd64 ibverbs-providers amd64 39.0-1 [341 kB]
Пол:24 http://ru.archive.ubuntu.com/ubuntu jammy/main amd64 libboost-iostreams1.74.0 amd64 1.74.0-14ubuntu3 [245 kB]
Пол:25 http://ru.archive.ubuntu.com/ubuntu jammy/main amd64 libboost-thread1.74.0 amd64 1.74.0-14ubuntu3 [262 kB]
Пол:26 http://ru.archive.ubuntu.com/ubuntu jammy/main amd64 librdmacm1 amd64 39.0-1 [71,2 kB]
Пол:27 http://ru.archive.ubuntu.com/ubuntu jammy-updates/main amd64 librados2 amd64 17.2.7-0ubuntu0.22.04.2 [3 594 kB]
Пол:28 http://ru.archive.ubuntu.com/ubuntu jammy-updates/main amd64 libcephfs2 amd64 17.2.7-0ubuntu0.22.04.2 [748 kB]
Пол:29 http://ru.archive.ubuntu.com/ubuntu jammy-updates/main amd64 libgfxdr0 amd64 10.1-1ubuntu0.2 [22,3 kB]
Пол:30 http://ru.archive.ubuntu.com/ubuntu jammy-updates/main amd64 libglusterfs0 amd64 10.1-1ubuntu0.2 [287 kB]
Пол:31 http://ru.archive.ubuntu.com/ubuntu jammy-updates/main amd64 libgfrpc0 amd64 10.1-1ubuntu0.2 [47,1 kB]
Пол:32 http://ru.archive.ubuntu.com/ubuntu jammy-updates/main amd64 libgfapi0 amd64 10.1-1ubuntu0.2 [77,3 kB]
Пол:33 http://ru.archive.ubuntu.com/ubuntu jammy/main amd64 liburing2 amd64 2.1-2build1 [10,3 kB]
Пол:34 http://ru.archive.ubuntu.com/ubuntu jammy-updates/main amd64 python3-gpg amd64 1.16.0-1.2ubuntu4.2 [214 kB]
Пол:35 http://ru.archive.ubuntu.com/ubuntu jammy/main amd64 python3-markdown all 3.3.6-1 [68,5 kB]
Пол:36 http://ru.archive.ubuntu.com/ubuntu jammy-updates/main amd64 python3-pygments all 2.11.2+dfsg-2ubuntu0.1 [750 kB]
Пол:37 http://ru.archive.ubuntu.com/ubuntu jammy/main amd64 python3-requests-toolbelt all 0.9.1-1 [38,0 kB]
Пол:38 http://ru.archive.ubuntu.com/ubuntu jammy-updates/main amd64 samba-dsdb-modules amd64 2:4.15.13+dfsg-0ubuntu1.6 [313 kB]
Пол:39 http://ru.archive.ubuntu.com/ubuntu jammy-updates/main amd64 samba-vfs-modules amd64 2:4.15.13+dfsg-0ubuntu1.6 [419 kB]
Получено 20,1 MB за 3с (5 976 kB/s)     
Извлекаются шаблоны из пакетов: 100%
Предварительная настройка пакетов …
Выбор ранее не выбранного пакета libtalloc2:amd64.
(Чтение базы данных … на данный момент установлено 110275 файлов и каталогов.)
Подготовка к распаковке …/00-libtalloc2_2.3.3-2build1_amd64.deb …
Распаковывается libtalloc2:amd64 (2.3.3-2build1) …
Выбор ранее не выбранного пакета libtevent0:amd64.
Подготовка к распаковке …/01-libtevent0_0.11.0-1build1_amd64.deb …
Распаковывается libtevent0:amd64 (0.11.0-1build1) …
Выбор ранее не выбранного пакета libwbclient0:amd64.
Подготовка к распаковке …/02-libwbclient0_2%3a4.15.13+dfsg-0ubuntu1.6_amd64.deb …
Распаковывается libwbclient0:amd64 (2:4.15.13+dfsg-0ubuntu1.6) …
Выбор ранее не выбранного пакета python3-dnspython.
Подготовка к распаковке …/03-python3-dnspython_2.1.0-1ubuntu1_all.deb …
Распаковывается python3-dnspython (2.1.0-1ubuntu1) …
Выбор ранее не выбранного пакета libtdb1:amd64.
Подготовка к распаковке …/04-libtdb1_1.4.5-2build1_amd64.deb …
Распаковывается libtdb1:amd64 (1.4.5-2build1) …
Выбор ранее не выбранного пакета libldb2:amd64.
Подготовка к распаковке …/05-libldb2_2%3a2.4.4-0ubuntu0.22.04.2_amd64.deb …
Распаковывается libldb2:amd64 (2:2.4.4-0ubuntu0.22.04.2) …
Выбор ранее не выбранного пакета python3-ldb.
Подготовка к распаковке …/06-python3-ldb_2%3a2.4.4-0ubuntu0.22.04.2_amd64.deb …
Распаковывается python3-ldb (2:2.4.4-0ubuntu0.22.04.2) …
Выбор ранее не выбранного пакета python3-tdb.
Подготовка к распаковке …/07-python3-tdb_1.4.5-2build1_amd64.deb …
Распаковывается python3-tdb (1.4.5-2build1) …
Выбор ранее не выбранного пакета libavahi-common-data:amd64.
Подготовка к распаковке …/08-libavahi-common-data_0.8-5ubuntu5.2_amd64.deb …
Распаковывается libavahi-common-data:amd64 (0.8-5ubuntu5.2) …
Выбор ранее не выбранного пакета libavahi-common3:amd64.
Подготовка к распаковке …/09-libavahi-common3_0.8-5ubuntu5.2_amd64.deb …
Распаковывается libavahi-common3:amd64 (0.8-5ubuntu5.2) …
Выбор ранее не выбранного пакета libavahi-client3:amd64.
Подготовка к распаковке …/10-libavahi-client3_0.8-5ubuntu5.2_amd64.deb …
Распаковывается libavahi-client3:amd64 (0.8-5ubuntu5.2) …
Выбор ранее не выбранного пакета libcups2:amd64.
Подготовка к распаковке …/11-libcups2_2.4.1op1-1ubuntu4.11_amd64.deb …
Распаковывается libcups2:amd64 (2.4.1op1-1ubuntu4.11) …
Выбор ранее не выбранного пакета python3-talloc:amd64.
Подготовка к распаковке …/12-python3-talloc_2.3.3-2build1_amd64.deb …
Распаковывается python3-talloc:amd64 (2.3.3-2build1) …
Выбор ранее не выбранного пакета samba-libs:amd64.
Подготовка к распаковке …/13-samba-libs_2%3a4.15.13+dfsg-0ubuntu1.6_amd64.deb …
Распаковывается samba-libs:amd64 (2:4.15.13+dfsg-0ubuntu1.6) …
Выбор ранее не выбранного пакета python3-samba.
Подготовка к распаковке …/14-python3-samba_2%3a4.15.13+dfsg-0ubuntu1.6_amd64.deb …
Распаковывается python3-samba (2:4.15.13+dfsg-0ubuntu1.6) …
Выбор ранее не выбранного пакета samba-common.
Подготовка к распаковке …/15-samba-common_2%3a4.15.13+dfsg-0ubuntu1.6_all.deb …
Распаковывается samba-common (2:4.15.13+dfsg-0ubuntu1.6) …
Выбор ранее не выбранного пакета samba-common-bin.
Подготовка к распаковке …/16-samba-common-bin_2%3a4.15.13+dfsg-0ubuntu1.6_amd64.deb …
Распаковывается samba-common-bin (2:4.15.13+dfsg-0ubuntu1.6) …
Выбор ранее не выбранного пакета tdb-tools.
Подготовка к распаковке …/17-tdb-tools_1.4.5-2build1_amd64.deb …
Распаковывается tdb-tools (1.4.5-2build1) …
Выбор ранее не выбранного пакета samba.
Подготовка к распаковке …/18-samba_2%3a4.15.13+dfsg-0ubuntu1.6_amd64.deb …
Распаковывается samba (2:4.15.13+dfsg-0ubuntu1.6) …
Выбор ранее не выбранного пакета attr.
Подготовка к распаковке …/19-attr_1%3a2.5.1-1build1_amd64.deb …
Распаковывается attr (1:2.5.1-1build1) …
Выбор ранее не выбранного пакета libnl-route-3-200:amd64.
Подготовка к распаковке …/20-libnl-route-3-200_3.5.0-0.1_amd64.deb …
Распаковывается libnl-route-3-200:amd64 (3.5.0-0.1) …
Выбор ранее не выбранного пакета libibverbs1:amd64.
Подготовка к распаковке …/21-libibverbs1_39.0-1_amd64.deb …
Распаковывается libibverbs1:amd64 (39.0-1) …
Выбор ранее не выбранного пакета ibverbs-providers:amd64.
Подготовка к распаковке …/22-ibverbs-providers_39.0-1_amd64.deb …
Распаковывается ibverbs-providers:amd64 (39.0-1) …
Выбор ранее не выбранного пакета libboost-iostreams1.74.0:amd64.
Подготовка к распаковке …/23-libboost-iostreams1.74.0_1.74.0-14ubuntu3_amd64.deb …
Распаковывается libboost-iostreams1.74.0:amd64 (1.74.0-14ubuntu3) …
Выбор ранее не выбранного пакета libboost-thread1.74.0:amd64.
Подготовка к распаковке …/24-libboost-thread1.74.0_1.74.0-14ubuntu3_amd64.deb …
Распаковывается libboost-thread1.74.0:amd64 (1.74.0-14ubuntu3) …
Выбор ранее не выбранного пакета librdmacm1:amd64.
Подготовка к распаковке …/25-librdmacm1_39.0-1_amd64.deb …
Распаковывается librdmacm1:amd64 (39.0-1) …
Выбор ранее не выбранного пакета librados2.
Подготовка к распаковке …/26-librados2_17.2.7-0ubuntu0.22.04.2_amd64.deb …
Распаковывается librados2 (17.2.7-0ubuntu0.22.04.2) …
Выбор ранее не выбранного пакета libcephfs2.
Подготовка к распаковке …/27-libcephfs2_17.2.7-0ubuntu0.22.04.2_amd64.deb …
Распаковывается libcephfs2 (17.2.7-0ubuntu0.22.04.2) …
Выбор ранее не выбранного пакета libgfxdr0:amd64.
Подготовка к распаковке …/28-libgfxdr0_10.1-1ubuntu0.2_amd64.deb …
Распаковывается libgfxdr0:amd64 (10.1-1ubuntu0.2) …
Выбор ранее не выбранного пакета libglusterfs0:amd64.
Подготовка к распаковке …/29-libglusterfs0_10.1-1ubuntu0.2_amd64.deb …
Распаковывается libglusterfs0:amd64 (10.1-1ubuntu0.2) …
Выбор ранее не выбранного пакета libgfrpc0:amd64.
Подготовка к распаковке …/30-libgfrpc0_10.1-1ubuntu0.2_amd64.deb …
Распаковывается libgfrpc0:amd64 (10.1-1ubuntu0.2) …
Выбор ранее не выбранного пакета libgfapi0:amd64.
Подготовка к распаковке …/31-libgfapi0_10.1-1ubuntu0.2_amd64.deb …
Распаковывается libgfapi0:amd64 (10.1-1ubuntu0.2) …
Выбор ранее не выбранного пакета liburing2:amd64.
Подготовка к распаковке …/32-liburing2_2.1-2build1_amd64.deb …
Распаковывается liburing2:amd64 (2.1-2build1) …
Выбор ранее не выбранного пакета python3-gpg.
Подготовка к распаковке …/33-python3-gpg_1.16.0-1.2ubuntu4.2_amd64.deb …
Распаковывается python3-gpg (1.16.0-1.2ubuntu4.2) …
Выбор ранее не выбранного пакета python3-markdown.
Подготовка к распаковке …/34-python3-markdown_3.3.6-1_all.deb …
Распаковывается python3-markdown (3.3.6-1) …
Выбор ранее не выбранного пакета python3-pygments.
Подготовка к распаковке …/35-python3-pygments_2.11.2+dfsg-2ubuntu0.1_all.deb …
Распаковывается python3-pygments (2.11.2+dfsg-2ubuntu0.1) …
Выбор ранее не выбранного пакета python3-requests-toolbelt.
Подготовка к распаковке …/36-python3-requests-toolbelt_0.9.1-1_all.deb …
Распаковывается python3-requests-toolbelt (0.9.1-1) …
Выбор ранее не выбранного пакета samba-dsdb-modules:amd64.
Подготовка к распаковке …/37-samba-dsdb-modules_2%3a4.15.13+dfsg-0ubuntu1.6_amd64.deb …
Распаковывается samba-dsdb-modules:amd64 (2:4.15.13+dfsg-0ubuntu1.6) …
Выбор ранее не выбранного пакета samba-vfs-modules:amd64.
Подготовка к распаковке …/38-samba-vfs-modules_2%3a4.15.13+dfsg-0ubuntu1.6_amd64.deb …
Распаковывается samba-vfs-modules:amd64 (2:4.15.13+dfsg-0ubuntu1.6) …
Настраивается пакет python3-requests-toolbelt (0.9.1-1) …
Настраивается пакет attr (1:2.5.1-1build1) …
Настраивается пакет libboost-iostreams1.74.0:amd64 (1.74.0-14ubuntu3) …
Настраивается пакет libtdb1:amd64 (1.4.5-2build1) …
Настраивается пакет samba-common (2:4.15.13+dfsg-0ubuntu1.6) …

Creating config file /etc/samba/smb.conf with new version
Настраивается пакет libnl-route-3-200:amd64 (3.5.0-0.1) …
Настраивается пакет libtalloc2:amd64 (2.3.3-2build1) …
Настраивается пакет libglusterfs0:amd64 (10.1-1ubuntu0.2) …
Настраивается пакет python3-tdb (1.4.5-2build1) …
Настраивается пакет python3-pygments (2.11.2+dfsg-2ubuntu0.1) …
Настраивается пакет libtevent0:amd64 (0.11.0-1build1) …
Настраивается пакет python3-gpg (1.16.0-1.2ubuntu4.2) …
Настраивается пакет libavahi-common-data:amd64 (0.8-5ubuntu5.2) …
Настраивается пакет tdb-tools (1.4.5-2build1) …
update-alternatives: используется /usr/bin/tdbbackup.tdbtools для предоставления /usr/bin/tdbbackup (tdbbackup) 
в автоматическом режиме
Настраивается пакет python3-markdown (3.3.6-1) …
Настраивается пакет python3-dnspython (2.1.0-1ubuntu1) …
Настраивается пакет liburing2:amd64 (2.1-2build1) …
Настраивается пакет libldb2:amd64 (2:2.4.4-0ubuntu0.22.04.2) …
Настраивается пакет libgfxdr0:amd64 (10.1-1ubuntu0.2) …
Настраивается пакет libboost-thread1.74.0:amd64 (1.74.0-14ubuntu3) …
Настраивается пакет libibverbs1:amd64 (39.0-1) …
Настраивается пакет ibverbs-providers:amd64 (39.0-1) …
Настраивается пакет python3-talloc:amd64 (2.3.3-2build1) …
Настраивается пакет libavahi-common3:amd64 (0.8-5ubuntu5.2) …
Настраивается пакет libwbclient0:amd64 (2:4.15.13+dfsg-0ubuntu1.6) …
Настраивается пакет python3-ldb (2:2.4.4-0ubuntu0.22.04.2) …
Настраивается пакет libgfrpc0:amd64 (10.1-1ubuntu0.2) …
Настраивается пакет libavahi-client3:amd64 (0.8-5ubuntu5.2) …
Настраивается пакет librdmacm1:amd64 (39.0-1) …
Настраивается пакет librados2 (17.2.7-0ubuntu0.22.04.2) …
Настраивается пакет libcephfs2 (17.2.7-0ubuntu0.22.04.2) …
Настраивается пакет libgfapi0:amd64 (10.1-1ubuntu0.2) …
Настраивается пакет libcups2:amd64 (2.4.1op1-1ubuntu4.11) …
Настраивается пакет samba-libs:amd64 (2:4.15.13+dfsg-0ubuntu1.6) …
Настраивается пакет samba-dsdb-modules:amd64 (2:4.15.13+dfsg-0ubuntu1.6) …
Настраивается пакет python3-samba (2:4.15.13+dfsg-0ubuntu1.6) …
Настраивается пакет samba-vfs-modules:amd64 (2:4.15.13+dfsg-0ubuntu1.6) …
Настраивается пакет samba-common-bin (2:4.15.13+dfsg-0ubuntu1.6) …
Checking smb.conf with testparm
Load smb config files from /etc/samba/smb.conf
Loaded services file OK.
Weak crypto is allowed

Server role: ROLE_STANDALONE

Done
Настраивается пакет samba (2:4.15.13+dfsg-0ubuntu1.6) …
Adding group `sambashare' (GID 121) ...
Done.
Samba is not being run as an AD Domain Controller: Masking samba-ad-dc.service
Please ignore the following error about deb-systemd-helper not finding those services.
(samba-ad-dc.service masked)
Created symlink /etc/systemd/system/multi-user.target.wants/nmbd.service → /lib/systemd/system/nmbd.service.
Failed to preset unit: Unit file /etc/systemd/system/samba-ad-dc.service is masked.
/usr/bin/deb-systemd-helper: error: systemctl preset failed on samba-ad-dc.service: No such file or directory
Created symlink /etc/systemd/system/multi-user.target.wants/smbd.service → /lib/systemd/system/smbd.service.
samba-ad-dc.service is a disabled or a static unit, not starting it.
Обрабатываются триггеры для ufw (0.36.1-4ubuntu0.1) …
Обрабатываются триггеры для man-db (2.10.2-1) …
Обрабатываются триггеры для libc-bin (2.35-0ubuntu3.9) …
Scanning processes...                                                                                           
Scanning linux images...                                                                                        

Running kernel seems to be up-to-date.

No services need to be restarted.

No containers need to be restarted.

No user sessions are running outdated binaries.

No VM guests are running outdated hypervisor (qemu) binaries on this host.
pivnoyback@prikoli:~$ cd /etc/samba
pivnoyback@prikoli:/etc/samba$ ls -l
total 20
-rw-r--r-- 1 root root    8 янв  5  2024 gdbcommands
-rw-r--r-- 1 root root 8950 мая 29 07:17 smb.conf
drwxr-xr-x 2 root root 4096 янв  5  2024 tls
pivnoyback@prikoli:/etc/samba$ sudo chown pivnoyback:pivnoyback
chown: missing operand after ‘pivnoyback:pivnoyback’
Try 'chown --help' for more information.
pivnoyback@prikoli:/etc/samba$ sudo chown pivnoyback:pivnoyback .
pivnoyback@prikoli:/etc/samba$ sudo vim /etc/samba/smb.conf
